Archive member included to satisfy reference by file (symbol)

c:/program files (x86)/atmel/studio/7.0/toolchain/arm/arm-gnu-toolchain/bin/../lib/gcc/arm-none-eabi/6.3.1/thumb/v6-m\libgcc.a(_thumb1_case_sqi.o)
                              csrc/u8x8_d_ssd1606_172x72.o (__gnu_thumb1_case_sqi)
c:/program files (x86)/atmel/studio/7.0/toolchain/arm/arm-gnu-toolchain/bin/../lib/gcc/arm-none-eabi/6.3.1/thumb/v6-m\libgcc.a(_thumb1_case_uqi.o)
                              csrc/mui_u8g2.o (__gnu_thumb1_case_uqi)
c:/program files (x86)/atmel/studio/7.0/toolchain/arm/arm-gnu-toolchain/bin/../lib/gcc/arm-none-eabi/6.3.1/thumb/v6-m\libgcc.a(_udivsi3.o)
                              csrc/u8g2_selection_list.o (__aeabi_uidiv)
c:/program files (x86)/atmel/studio/7.0/toolchain/arm/arm-gnu-toolchain/bin/../lib/gcc/arm-none-eabi/6.3.1/thumb/v6-m\libgcc.a(_divsi3.o)
                              csrc/mui_u8g2.o (__aeabi_idiv)
c:/program files (x86)/atmel/studio/7.0/toolchain/arm/arm-gnu-toolchain/bin/../lib/gcc/arm-none-eabi/6.3.1/thumb/v6-m\libgcc.a(_dvmd_tls.o)
                              c:/program files (x86)/atmel/studio/7.0/toolchain/arm/arm-gnu-toolchain/bin/../lib/gcc/arm-none-eabi/6.3.1/thumb/v6-m\libgcc.a(_udivsi3.o) (__aeabi_idiv0)
c:/program files (x86)/atmel/studio/7.0/toolchain/arm/arm-gnu-toolchain/bin/../lib/gcc/arm-none-eabi/6.3.1/thumb/v6-m\libgcc.a(_arm_cmpsf2.o)
                              libs/bms_ina22x.o (__aeabi_fcmplt)
c:/program files (x86)/atmel/studio/7.0/toolchain/arm/arm-gnu-toolchain/bin/../lib/gcc/arm-none-eabi/6.3.1/thumb/v6-m\libgcc.a(_aeabi_uldivmod.o)
                              hpl/sercom/hpl_sercom.o (__aeabi_uldivmod)
c:/program files (x86)/atmel/studio/7.0/toolchain/arm/arm-gnu-toolchain/bin/../lib/gcc/arm-none-eabi/6.3.1/thumb/v6-m\libgcc.a(_muldi3.o)
                              hpl/sercom/hpl_sercom.o (__aeabi_lmul)
c:/program files (x86)/atmel/studio/7.0/toolchain/arm/arm-gnu-toolchain/bin/../lib/gcc/arm-none-eabi/6.3.1/thumb/v6-m\libgcc.a(_ffssi2.o)
                              hpl/eic/hpl_eic.o (__ffssi2)
c:/program files (x86)/atmel/studio/7.0/toolchain/arm/arm-gnu-toolchain/bin/../lib/gcc/arm-none-eabi/6.3.1/thumb/v6-m\libgcc.a(_fixunssfsi.o)
                              libs/bms_ina22x.o (__aeabi_f2uiz)
c:/program files (x86)/atmel/studio/7.0/toolchain/arm/arm-gnu-toolchain/bin/../lib/gcc/arm-none-eabi/6.3.1/thumb/v6-m\libgcc.a(_fixunsdfsi.o)
                              hpl/sercom/hpl_sercom.o (__aeabi_d2uiz)
c:/program files (x86)/atmel/studio/7.0/toolchain/arm/arm-gnu-toolchain/bin/../lib/gcc/arm-none-eabi/6.3.1/thumb/v6-m\libgcc.a(_udivmoddi4.o)
                              c:/program files (x86)/atmel/studio/7.0/toolchain/arm/arm-gnu-toolchain/bin/../lib/gcc/arm-none-eabi/6.3.1/thumb/v6-m\libgcc.a(_aeabi_uldivmod.o) (__udivmoddi4)
c:/program files (x86)/atmel/studio/7.0/toolchain/arm/arm-gnu-toolchain/bin/../lib/gcc/arm-none-eabi/6.3.1/thumb/v6-m\libgcc.a(addsf3.o)
                              libs/bms_ina22x.o (__aeabi_fadd)
c:/program files (x86)/atmel/studio/7.0/toolchain/arm/arm-gnu-toolchain/bin/../lib/gcc/arm-none-eabi/6.3.1/thumb/v6-m\libgcc.a(eqsf2.o)
                              c:/program files (x86)/atmel/studio/7.0/toolchain/arm/arm-gnu-toolchain/bin/../lib/gcc/arm-none-eabi/6.3.1/thumb/v6-m\libgcc.a(_arm_cmpsf2.o) (__eqsf2)
c:/program files (x86)/atmel/studio/7.0/toolchain/arm/arm-gnu-toolchain/bin/../lib/gcc/arm-none-eabi/6.3.1/thumb/v6-m\libgcc.a(gesf2.o)
                              c:/program files (x86)/atmel/studio/7.0/toolchain/arm/arm-gnu-toolchain/bin/../lib/gcc/arm-none-eabi/6.3.1/thumb/v6-m\libgcc.a(_arm_cmpsf2.o) (__gesf2)
c:/program files (x86)/atmel/studio/7.0/toolchain/arm/arm-gnu-toolchain/bin/../lib/gcc/arm-none-eabi/6.3.1/thumb/v6-m\libgcc.a(lesf2.o)
                              c:/program files (x86)/atmel/studio/7.0/toolchain/arm/arm-gnu-toolchain/bin/../lib/gcc/arm-none-eabi/6.3.1/thumb/v6-m\libgcc.a(_arm_cmpsf2.o) (__lesf2)
c:/program files (x86)/atmel/studio/7.0/toolchain/arm/arm-gnu-toolchain/bin/../lib/gcc/arm-none-eabi/6.3.1/thumb/v6-m\libgcc.a(mulsf3.o)
                              libs/bms_ina22x.o (__aeabi_fmul)
c:/program files (x86)/atmel/studio/7.0/toolchain/arm/arm-gnu-toolchain/bin/../lib/gcc/arm-none-eabi/6.3.1/thumb/v6-m\libgcc.a(subsf3.o)
                              libs/bms_ina22x.o (__aeabi_fsub)
c:/program files (x86)/atmel/studio/7.0/toolchain/arm/arm-gnu-toolchain/bin/../lib/gcc/arm-none-eabi/6.3.1/thumb/v6-m\libgcc.a(fixsfsi.o)
                              libs/bms_ina22x.o (__aeabi_f2iz)
c:/program files (x86)/atmel/studio/7.0/toolchain/arm/arm-gnu-toolchain/bin/../lib/gcc/arm-none-eabi/6.3.1/thumb/v6-m\libgcc.a(floatsisf.o)
                              main.o (__aeabi_i2f)
c:/program files (x86)/atmel/studio/7.0/toolchain/arm/arm-gnu-toolchain/bin/../lib/gcc/arm-none-eabi/6.3.1/thumb/v6-m\libgcc.a(floatunsisf.o)
                              main.o (__aeabi_ui2f)
[...]
Memory Configuration

Name             Origin             Length             Attributes
rom              0x00000000         0x00040000         xr
ram              0x20000000         0x00008000         xrw
*default*        0x00000000         0xffffffff

Linker script and memory map

LOAD c:/program files (x86)/atmel/studio/7.0/toolchain/arm/arm-gnu-toolchain/bin/../lib/gcc/arm-none-eabi/6.3.1/thumb/v6-m/crtfastmath.o
LOAD c:/program files (x86)/atmel/studio/7.0/toolchain/arm/arm-gnu-toolchain/bin/../lib/gcc/arm-none-eabi/6.3.1/thumb/v6-m/crti.o
LOAD c:/program files (x86)/atmel/studio/7.0/toolchain/arm/arm-gnu-toolchain/bin/../lib/gcc/arm-none-eabi/6.3.1/thumb/v6-m/crtbegin.o
LOAD c:/program files (x86)/atmel/studio/7.0/toolchain/arm/arm-gnu-toolchain/bin/../lib/gcc/arm-none-eabi/6.3.1/../../../../arm-none-eabi/lib/thumb/v6-m/crt0.o
LOAD atmel_start.o
LOAD csrc/mui.o
LOAD csrc/mui_u8g2.o
LOAD csrc/u8g2_bitmap.o
LOAD csrc/u8g2_box.o
LOAD csrc/u8g2_buffer.o
LOAD csrc/u8g2_button.o
LOAD csrc/u8g2_circle.o
LOAD csrc/u8g2_cleardisplay.o
LOAD csrc/u8g2_d_memory.o
LOAD csrc/u8g2_d_setup.o
LOAD csrc/u8g2_font.o
LOAD csrc/u8g2_fonts.o
LOAD csrc/u8g2_hvline.o
LOAD csrc/u8g2_input_value.o
LOAD csrc/u8g2_intersection.o
LOAD csrc/u8g2_kerning.o
LOAD csrc/u8g2_line.o
LOAD csrc/u8g2_ll_hvline.o
LOAD csrc/u8g2_message.o
LOAD csrc/u8g2_polygon.o
LOAD csrc/u8g2_selection_list.o
LOAD csrc/u8g2_setup.o
LOAD csrc/u8log.o
LOAD csrc/u8log_u8g2.o
LOAD csrc/u8log_u8x8.o
LOAD csrc/u8x8_8x8.o
LOAD csrc/u8x8_byte.o
LOAD csrc/u8x8_cad.o
LOAD csrc/u8x8_capture.o
LOAD csrc/u8x8_debounce.o
LOAD csrc/u8x8_display.o
LOAD csrc/u8x8_d_a2printer.o
LOAD csrc/u8x8_d_gp1247ai.o
LOAD csrc/u8x8_d_gp1287ai.o
LOAD csrc/u8x8_d_gu800.o
LOAD csrc/u8x8_d_hd44102.o
LOAD csrc/u8x8_d_il3820_296x128.o
LOAD csrc/u8x8_d_ist3020.o
LOAD csrc/u8x8_d_ist3088.o
LOAD csrc/u8x8_d_ist7920.o
LOAD csrc/u8x8_d_ks0108.o
LOAD csrc/u8x8_d_lc7981.o
LOAD csrc/u8x8_d_ld7032_60x32.o
LOAD csrc/u8x8_d_ls013b7dh03.o
LOAD csrc/u8x8_d_max7219.o
LOAD csrc/u8x8_d_pcd8544_84x48.o
LOAD csrc/u8x8_d_pcf8812.o
LOAD csrc/u8x8_d_pcf8814_hx1230.o
LOAD csrc/u8x8_d_s1d15300.o
LOAD csrc/u8x8_d_s1d15721.o
LOAD csrc/u8x8_d_s1d15e06.o
LOAD csrc/u8x8_d_sbn1661.o
LOAD csrc/u8x8_d_sed1330.o
LOAD csrc/u8x8_d_sh1106_64x32.o
LOAD csrc/u8x8_d_sh1106_72x40.o
LOAD csrc/u8x8_d_sh1107.o
LOAD csrc/u8x8_d_sh1108.o
LOAD csrc/u8x8_d_sh1122.o
LOAD csrc/u8x8_d_ssd1305.o
LOAD csrc/u8x8_d_ssd1306_128x32.o
LOAD csrc/u8x8_d_ssd1306_128x64_noname.o
LOAD csrc/u8x8_d_ssd1306_2040x16.o
LOAD csrc/u8x8_d_ssd1306_48x64.o
LOAD csrc/u8x8_d_ssd1306_64x32.o
LOAD csrc/u8x8_d_ssd1306_64x48.o
LOAD csrc/u8x8_d_ssd1306_72x40.o
LOAD csrc/u8x8_d_ssd1306_96x16.o
LOAD csrc/u8x8_d_ssd1306_96x40.o
LOAD csrc/u8x8_d_ssd1309.o
LOAD csrc/u8x8_d_ssd1316.o
LOAD csrc/u8x8_d_ssd1317.o
LOAD csrc/u8x8_d_ssd1318.o
LOAD csrc/u8x8_d_ssd1320.o
LOAD csrc/u8x8_d_ssd1322.o
LOAD csrc/u8x8_d_ssd1325.o
LOAD csrc/u8x8_d_ssd1326.o
LOAD csrc/u8x8_d_ssd1327.o
LOAD csrc/u8x8_d_ssd1329.o
LOAD csrc/u8x8_d_ssd1362.o
LOAD csrc/u8x8_d_ssd1606_172x72.o
LOAD csrc/u8x8_d_ssd1607_200x200.o
LOAD csrc/u8x8_d_st7511.o
LOAD csrc/u8x8_d_st75160.o
LOAD csrc/u8x8_d_st75256.o
LOAD csrc/u8x8_d_st7528.o
LOAD csrc/u8x8_d_st75320.o
LOAD csrc/u8x8_d_st7539.o
LOAD csrc/u8x8_d_st7565.o
LOAD csrc/u8x8_d_st7567.o
LOAD csrc/u8x8_d_st7571.o
LOAD csrc/u8x8_d_st7586s_erc240160.o
LOAD csrc/u8x8_d_st7586s_jlx384160.o
LOAD csrc/u8x8_d_st7586s_s028hn118a.o
LOAD csrc/u8x8_d_st7586s_ymc240160.o
LOAD csrc/u8x8_d_st7588.o
LOAD csrc/u8x8_d_st7920.o
LOAD csrc/u8x8_d_stdio.o
LOAD csrc/u8x8_d_t6963.o
LOAD csrc/u8x8_d_uc1601.o
LOAD csrc/u8x8_d_uc1604.o
LOAD csrc/u8x8_d_uc1608.o
LOAD csrc/u8x8_d_uc1609.o
LOAD csrc/u8x8_d_uc1610.o
LOAD csrc/u8x8_d_uc1611.o
LOAD csrc/u8x8_d_uc1617.o
LOAD csrc/u8x8_d_uc1638.o
LOAD csrc/u8x8_d_uc1701_dogs102.o
LOAD csrc/u8x8_d_uc1701_mini12864.o
LOAD csrc/u8x8_fonts.o
LOAD csrc/u8x8_gpio.o
LOAD csrc/u8x8_input_value.o
LOAD csrc/u8x8_message.o
LOAD csrc/u8x8_selection_list.o
LOAD csrc/u8x8_setup.o
LOAD csrc/u8x8_string.o
LOAD csrc/u8x8_u16toa.o
LOAD csrc/u8x8_u8toa.o
LOAD Device_Startup/startup_samd20.o
LOAD Device_Startup/system_samd20.o
LOAD driver_init.o
LOAD examples/driver_examples.o
LOAD hal/src/hal_atomic.o
LOAD hal/src/hal_delay.o
LOAD hal/src/hal_ext_irq.o
LOAD hal/src/hal_gpio.o
LOAD hal/src/hal_i2c_m_sync.o
LOAD hal/src/hal_init.o
LOAD hal/src/hal_io.o
LOAD hal/src/hal_sleep.o
LOAD hal/src/hal_spi_m_sync.o
LOAD hal/src/hal_usart_sync.o
LOAD hal/utils/src/utils_assert.o
LOAD hal/utils/src/utils_event.o
LOAD hal/utils/src/utils_list.o
LOAD hal/utils/src/utils_syscalls.o
LOAD hpl/core/hpl_core_m0plus_base.o
LOAD hpl/core/hpl_init.o
LOAD hpl/eic/hpl_eic.o
LOAD hpl/gclk/hpl_gclk.o
LOAD hpl/pm/hpl_pm.o
LOAD hpl/sercom/hpl_sercom.o
LOAD hpl/sysctrl/hpl_sysctrl.o
LOAD hpl/systick/hpl_systick.o
LOAD libs/bms_ina22x.o
LOAD libs/driver.o
LOAD libs/mem25lXX.o
LOAD libs/RFM69.o
LOAD libs/rtc.o
LOAD libs/ws28_led.o
LOAD main.o
LOAD templates.o
START GROUP
LOAD c:/program files (x86)/atmel/studio/7.0/toolchain/arm/arm-gnu-toolchain/bin/../lib/gcc/arm-none-eabi/6.3.1/../../../../arm-none-eabi/lib/thumb/v6-m\libm.a
END GROUP
START GROUP
LOAD c:/program files (x86)/atmel/studio/7.0/toolchain/arm/arm-gnu-toolchain/bin/../lib/gcc/arm-none-eabi/6.3.1/thumb/v6-m\libgcc.a
LOAD c:/program files (x86)/atmel/studio/7.0/toolchain/arm/arm-gnu-toolchain/bin/../lib/gcc/arm-none-eabi/6.3.1/../../../../arm-none-eabi/lib/thumb/v6-m\libc.a
END GROUP
LOAD c:/program files (x86)/atmel/studio/7.0/toolchain/arm/arm-gnu-toolchain/bin/../lib/gcc/arm-none-eabi/6.3.1/thumb/v6-m/crtend.o
LOAD c:/program files (x86)/atmel/studio/7.0/toolchain/arm/arm-gnu-toolchain/bin/../lib/gcc/arm-none-eabi/6.3.1/thumb/v6-m/crtn.o
                0x00002000                STACK_SIZE = DEFINED (STACK_SIZE)?STACK_SIZE:DEFINED (__stack_size__)?__stack_size__:0x2000

.text           0x00000000     0xae14
                0x00000000                . = ALIGN (0x4)
                0x00000000                _sfixed = .
 *(.vectors .vectors.*)
 .vectors       0x00000000       0xa4 Device_Startup/startup_samd20.o
                0x00000000                exception_table
 *(.text .text.* .gnu.linkonce.t.*)
 .text          0x000000a4       0x60 c:/program files (x86)/atmel/studio/7.0/toolchain/arm/arm-gnu-toolchain/bin/../lib/gcc/arm-none-eabi/6.3.1/thumb/v6-m/crtbegin.o
 .text.atmel_start_init
                0x00000104        0x8 atmel_start.o
                0x00000104                atmel_start_init
 .text.u8g2_DrawRFrame
                0x0000010c       0xfe csrc/u8g2_box.o
                0x0000010c                u8g2_DrawRFrame
 .text.u8g2_send_buffer
                0x0000020a       0x56 csrc/u8g2_buffer.o
 .text.u8g2_ClearBuffer
                0x00000260       0x1a csrc/u8g2_buffer.o
                0x00000260                u8g2_ClearBuffer
 .text.u8g2_SendBuffer
                0x0000027a       0x10 csrc/u8g2_buffer.o
                0x0000027a                u8g2_SendBuffer
 .text.u8g2_draw_circle_section
                0x0000028a       0xaa csrc/u8g2_circle.o
 .text.u8g2_DrawCircle
                0x00000334       0x98 csrc/u8g2_circle.o
                0x00000334                u8g2_DrawCircle
 .text.u8g2_m_16_8_f
                0x000003cc        0xc csrc/u8g2_d_memory.o
                0x000003cc                u8g2_m_16_8_f
 .text.u8g2_Setup_st7565_zolen_128x64_f
                0x000003d8       0x38 csrc/u8g2_d_setup.o
                0x000003d8                u8g2_Setup_st7565_zolen_128x64_f
 .text.u8g2_font_get_word
                0x00000410        0xe csrc/u8g2_font.o
 .text.u8g2_font_calc_vref_font
                0x0000041e        0x4 csrc/u8g2_font.o
                0x0000041e                u8g2_font_calc_vref_font
 .text.u8g2_read_font_info
                0x00000422       0x6a csrc/u8g2_font.o
                0x00000422                u8g2_read_font_info
 .text.u8g2_font_decode_get_unsigned_bits
                0x0000048c       0x36 csrc/u8g2_font.o
                0x0000048c                u8g2_font_decode_get_unsigned_bits
 .text.u8g2_font_setup_decode
                0x000004c2       0x38 csrc/u8g2_font.o
 .text.u8g2_font_decode_get_signed_bits
                0x000004fa       0x16 csrc/u8g2_font.o
                0x000004fa                u8g2_font_decode_get_signed_bits
 .text.u8g2_add_vector_y
                0x00000510       0x1e csrc/u8g2_font.o
                0x00000510                u8g2_add_vector_y
 .text.u8g2_add_vector_x
                0x0000052e       0x1e csrc/u8g2_font.o
                0x0000052e                u8g2_add_vector_x
 .text.u8g2_font_decode_len
                0x0000054c       0xb4 csrc/u8g2_font.o
                0x0000054c                u8g2_font_decode_len
 .text.u8g2_font_decode_glyph
                0x00000600      0x150 csrc/u8g2_font.o
                0x00000600                u8g2_font_decode_glyph
 .text.u8g2_font_get_glyph_data
                0x00000750       0x6c csrc/u8g2_font.o
                0x00000750                u8g2_font_get_glyph_data
 .text.u8g2_DrawGlyph
                0x000007bc       0x5e csrc/u8g2_font.o
                0x000007bc                u8g2_DrawGlyph
 *fill*         0x0000081a        0x2 
 .text.u8g2_draw_string
                0x0000081c       0x70 csrc/u8g2_font.o
 .text.u8g2_DrawStr
                0x0000088c       0x10 csrc/u8g2_font.o
                0x0000088c                u8g2_DrawStr
 .text.u8g2_UpdateRefHeight
                0x0000089c       0x62 csrc/u8g2_font.o
                0x0000089c                u8g2_UpdateRefHeight
 *fill*         0x000008fe        0x2 
 .text.u8g2_SetFontPosBaseline
                0x00000900        0xc csrc/u8g2_font.o
                0x00000900                u8g2_SetFontPosBaseline
 .text.u8g2_SetFont
                0x0000090c       0x1a csrc/u8g2_font.o
                0x0000090c                u8g2_SetFont
 .text.u8g2_draw_hv_line_2dir
                0x00000926       0x14 csrc/u8g2_hvline.o
                0x00000926                u8g2_draw_hv_line_2dir
 .text.u8g2_DrawHVLine
                0x0000093a       0xe0 csrc/u8g2_hvline.o
                0x0000093a                u8g2_DrawHVLine
 .text.u8g2_DrawHLine
                0x00000a1a        0xc csrc/u8g2_hvline.o
                0x00000a1a                u8g2_DrawHLine
 .text.u8g2_DrawVLine
                0x00000a26        0xc csrc/u8g2_hvline.o
                0x00000a26                u8g2_DrawVLine
 .text.u8g2_DrawPixel
                0x00000a32       0x36 csrc/u8g2_hvline.o
                0x00000a32                u8g2_DrawPixel
 .text.u8g2_is_intersection_decision_tree
                0x00000a68       0x1e csrc/u8g2_intersection.o
                0x00000a68                u8g2_is_intersection_decision_tree
 .text.u8g2_IsIntersection
                0x00000a86       0x32 csrc/u8g2_intersection.o
                0x00000a86                u8g2_IsIntersection
 .text.u8g2_DrawLine
                0x00000ab8       0xf8 csrc/u8g2_line.o
                0x00000ab8                u8g2_DrawLine
 .text.u8g2_ll_hvline_vertical_top_lsb
                0x00000bb0       0xa0 csrc/u8g2_ll_hvline.o
                0x00000bb0                u8g2_ll_hvline_vertical_top_lsb
 .text.u8g2_update_dimension_common
                0x00000c50       0x48 csrc/u8g2_setup.o
 .text.u8g2_draw_mirror_vertical_r0
                0x00000c98       0x24 csrc/u8g2_setup.o
                0x00000c98                u8g2_draw_mirror_vertical_r0
 .text.u8g2_apply_clip_window
                0x00000cbc       0x72 csrc/u8g2_setup.o
 .text.u8g2_update_page_win_r0
                0x00000d2e       0x22 csrc/u8g2_setup.o
                0x00000d2e                u8g2_update_page_win_r0
 .text.u8g2_update_dimension_r0
                0x00000d50        0x8 csrc/u8g2_setup.o
                0x00000d50                u8g2_update_dimension_r0
 .text.u8g2_SetMaxClipWindow
                0x00000d58       0x1c csrc/u8g2_setup.o
                0x00000d58                u8g2_SetMaxClipWindow
 .text.u8g2_SetupBuffer
                0x00000d74       0x46 csrc/u8g2_setup.o
                0x00000d74                u8g2_SetupBuffer
 *fill*         0x00000dba        0x2 
 .text.u8x8_ascii_next
                0x00000dbc       0x14 csrc/u8x8_8x8.o
                0x00000dbc                u8x8_ascii_next
 .text.u8x8_utf8_init
                0x00000dd0        0x8 csrc/u8x8_8x8.o
                0x00000dd0                u8x8_utf8_init
 .text.u8x8_byte_SetDC
                0x00000dd8        0xe csrc/u8x8_byte.o
                0x00000dd8                u8x8_byte_SetDC
 .text.u8x8_byte_SendBytes
                0x00000de6        0xe csrc/u8x8_byte.o
                0x00000de6                u8x8_byte_SendBytes
 .text.u8x8_byte_SendByte
                0x00000df4       0x10 csrc/u8x8_byte.o
                0x00000df4                u8x8_byte_SendByte
 .text.u8x8_cad_SendCmd
                0x00000e04        0xe csrc/u8x8_cad.o
                0x00000e04                u8x8_cad_SendCmd
 .text.u8x8_cad_SendArg
                0x00000e12        0xe csrc/u8x8_cad.o
                0x00000e12                u8x8_cad_SendArg
 .text.u8x8_cad_SendData
                0x00000e20        0xe csrc/u8x8_cad.o
                0x00000e20                u8x8_cad_SendData
 .text.u8x8_cad_StartTransfer
                0x00000e2e        0xe csrc/u8x8_cad.o
                0x00000e2e                u8x8_cad_StartTransfer
 .text.u8x8_cad_EndTransfer
                0x00000e3c        0xe csrc/u8x8_cad.o
                0x00000e3c                u8x8_cad_EndTransfer
 .text.u8x8_cad_SendSequence
                0x00000e4a       0x5e csrc/u8x8_cad.o
                0x00000e4a                u8x8_cad_SendSequence
 .text.u8x8_cad_001
                0x00000ea8       0x4a csrc/u8x8_cad.o
                0x00000ea8                u8x8_cad_001
 .text.u8x8_d_helper_display_setup_memory
                0x00000ef2        0xa csrc/u8x8_display.o
                0x00000ef2                u8x8_d_helper_display_setup_memory
 .text.u8x8_d_helper_display_init
                0x00000efc       0x5e csrc/u8x8_display.o
                0x00000efc                u8x8_d_helper_display_init
 .text.u8x8_DrawTile
                0x00000f5a       0x1a csrc/u8x8_display.o
                0x00000f5a                u8x8_DrawTile
 .text.u8x8_SetupMemory
                0x00000f74        0xe csrc/u8x8_display.o
                0x00000f74                u8x8_SetupMemory
 .text.u8x8_InitDisplay
                0x00000f82        0xe csrc/u8x8_display.o
                0x00000f82                u8x8_InitDisplay
 .text.u8x8_SetPowerSave
                0x00000f90        0xe csrc/u8x8_display.o
                0x00000f90                u8x8_SetPowerSave
 .text.u8x8_SetFlipMode
                0x00000f9e        0xe csrc/u8x8_display.o
                0x00000f9e                u8x8_SetFlipMode
 .text.u8x8_SetContrast
                0x00000fac        0xe csrc/u8x8_display.o
                0x00000fac                u8x8_SetContrast
 .text.u8x8_RefreshDisplay
                0x00000fba        0xe csrc/u8x8_display.o
                0x00000fba                u8x8_RefreshDisplay
 .text.u8x8_d_st7565_common
                0x00000fc8       0xb0 csrc/u8x8_d_st7565.o
                0x00000fc8                u8x8_d_st7565_common
 .text.u8x8_d_st7565_zolen_128x64
                0x00001078       0x6c csrc/u8x8_d_st7565.o
                0x00001078                u8x8_d_st7565_zolen_128x64
 .text.u8x8_gpio_call
                0x000010e4        0xa csrc/u8x8_gpio.o
                0x000010e4                u8x8_gpio_call
 .text.u8x8_dummy_cb
                0x000010ee        0x4 csrc/u8x8_setup.o
                0x000010ee                u8x8_dummy_cb
 *fill*         0x000010f2        0x2 
 .text.u8x8_SetupDefaults
                0x000010f4       0x28 csrc/u8x8_setup.o
                0x000010f4                u8x8_SetupDefaults
 .text.u8x8_Setup
                0x0000111c       0x20 csrc/u8x8_setup.o
                0x0000111c                u8x8_Setup
 .text.Dummy_Handler
                0x0000113c        0x2 Device_Startup/startup_samd20.o
                0x0000113c                SVCall_Handler
                0x0000113c                ADC_Handler
                0x0000113c                SERCOM4_Handler
                0x0000113c                SysTick_Handler
                0x0000113c                NonMaskableInt_Handler
                0x0000113c                SYSCTRL_Handler
                0x0000113c                TC0_Handler
                0x0000113c                SERCOM0_Handler
                0x0000113c                SERCOM2_Handler
                0x0000113c                WDT_Handler
                0x0000113c                PM_Handler
                0x0000113c                HardFault_Handler
                0x0000113c                EVSYS_Handler
                0x0000113c                TC6_Handler
                0x0000113c                SERCOM1_Handler
                0x0000113c                TC1_Handler
                0x0000113c                AC_Handler
                0x0000113c                NVMCTRL_Handler
                0x0000113c                SERCOM3_Handler
                0x0000113c                TC5_Handler
                0x0000113c                SERCOM5_Handler
                0x0000113c                Dummy_Handler
                0x0000113c                TC4_Handler
                0x0000113c                TC3_Handler
                0x0000113c                TC7_Handler
                0x0000113c                PendSV_Handler
                0x0000113c                RTC_Handler
                0x0000113c                PTC_Handler
                0x0000113c                DAC_Handler
                0x0000113c                TC2_Handler
 *fill*         0x0000113e        0x2 
 .text.Reset_Handler
                0x00001140       0x68 Device_Startup/startup_samd20.o
                0x00001140                Reset_Handler
 .text.EXTERNAL_IRQ_0_init
                0x000011a8       0x6c driver_init.o
                0x000011a8                EXTERNAL_IRQ_0_init
 .text.delay_driver_init
                0x00001214       0x10 driver_init.o
                0x00001214                delay_driver_init
 .text.system_init
                0x00001224       0x80 driver_init.o
                0x00001224                system_init
 .text.delay_init
                0x000012a4       0x10 hal/src/hal_delay.o
                0x000012a4                delay_init
 .text.delay_us
                0x000012b4       0x18 hal/src/hal_delay.o
                0x000012b4                delay_us
 .text.delay_ms
                0x000012cc       0x18 hal/src/hal_delay.o
                0x000012cc                delay_ms
 .text.process_ext_irq
                0x000012e4       0x40 hal/src/hal_ext_irq.o
 .text.ext_irq_init
                0x00001324       0x28 hal/src/hal_ext_irq.o
                0x00001324                ext_irq_init
 .text.ext_irq_register
                0x0000134c       0x98 hal/src/hal_ext_irq.o
                0x0000134c                ext_irq_register
 .text.i2c_m_sync_write
                0x000013e4       0x28 hal/src/hal_i2c_m_sync.o
 .text.i2c_m_sync_read
                0x0000140c       0x28 hal/src/hal_i2c_m_sync.o
 .text.i2c_m_sync_init
                0x00001434       0x20 hal/src/hal_i2c_m_sync.o
                0x00001434                i2c_m_sync_init
 .text.i2c_m_sync_enable
                0x00001454        0x8 hal/src/hal_i2c_m_sync.o
                0x00001454                i2c_m_sync_enable
 .text.i2c_m_sync_set_slaveaddr
                0x0000145c       0x12 hal/src/hal_i2c_m_sync.o
                0x0000145c                i2c_m_sync_set_slaveaddr
 *fill*         0x0000146e        0x2 
 .text.i2c_m_sync_cmd_read
                0x00001470       0x44 hal/src/hal_i2c_m_sync.o
                0x00001470                i2c_m_sync_cmd_read
 .text.i2c_m_sync_get_io_descriptor
                0x000014b4        0x8 hal/src/hal_i2c_m_sync.o
                0x000014b4                i2c_m_sync_get_io_descriptor
 .text.io_write
                0x000014bc        0x8 hal/src/hal_io.o
                0x000014bc                io_write
 .text.io_read  0x000014c4        0x8 hal/src/hal_io.o
                0x000014c4                io_read
 .text.spi_m_sync_init
                0x000014cc       0x2c hal/src/hal_spi_m_sync.o
                0x000014cc                spi_m_sync_init
 .text.spi_m_sync_enable
                0x000014f8        0xa hal/src/hal_spi_m_sync.o
                0x000014f8                spi_m_sync_enable
 .text.spi_m_sync_transfer
                0x00001502       0x1c hal/src/hal_spi_m_sync.o
                0x00001502                spi_m_sync_transfer
 .text._spi_m_sync_io_write
                0x0000151e       0x16 hal/src/hal_spi_m_sync.o
 .text._spi_m_sync_io_read
                0x00001534       0x16 hal/src/hal_spi_m_sync.o
 .text.spi_m_sync_get_io_descriptor
                0x0000154a        0x8 hal/src/hal_spi_m_sync.o
                0x0000154a                spi_m_sync_get_io_descriptor
 .text.usart_sync_write
                0x00001552       0x3e hal/src/hal_usart_sync.o
 .text.usart_sync_read
                0x00001590       0x2c hal/src/hal_usart_sync.o
 .text.usart_sync_init
                0x000015bc       0x20 hal/src/hal_usart_sync.o
                0x000015bc                usart_sync_init
 .text.usart_sync_enable
                0x000015dc        0xc hal/src/hal_usart_sync.o
                0x000015dc                usart_sync_enable
 .text.usart_sync_get_io_descriptor
                0x000015e8        0x6 hal/src/hal_usart_sync.o
                0x000015e8                usart_sync_get_io_descriptor
 *fill*         0x000015ee        0x2 
 .text._sbrk    0x000015f0       0x20 hal/utils/src/utils_syscalls.o
                0x000015f0                _sbrk
 .text._get_cycles_for_us
                0x00001610       0x16 hpl/core/hpl_core_m0plus_base.o
                0x00001610                _get_cycles_for_us
 *fill*         0x00001626        0x2 
 .text._get_cycles_for_ms
                0x00001628        0xc hpl/core/hpl_core_m0plus_base.o
                0x00001628                _get_cycles_for_ms
 .text._init_chip
                0x00001634       0x2c hpl/core/hpl_init.o
                0x00001634                _init_chip
 .text.hri_eic_wait_for_sync.constprop.3
                0x00001660       0x10 hpl/eic/hpl_eic.o
 .text._ext_irq_init
                0x00001670       0x84 hpl/eic/hpl_eic.o
                0x00001670                _ext_irq_init
 .text._ext_irq_enable
                0x000016f4       0x54 hpl/eic/hpl_eic.o
                0x000016f4                _ext_irq_enable
 .text.EIC_Handler
                0x00001748       0x90 hpl/eic/hpl_eic.o
                0x00001748                EIC_Handler
 .text._gclk_init_generators_by_fref
                0x000017d8       0x40 hpl/gclk/hpl_gclk.o
                0x000017d8                _gclk_init_generators_by_fref
 .text._pm_init
                0x00001818       0x20 hpl/pm/hpl_pm.o
                0x00001818                _pm_init
 .text.hri_sercomi2cm_wait_for_sync
                0x00001838        0x8 hpl/sercom/hpl_sercom.o
 .text.hri_sercomspi_wait_for_sync
                0x00001840        0x8 hpl/sercom/hpl_sercom.o
 .text.hri_sercomusart_wait_for_sync
                0x00001848        0x8 hpl/sercom/hpl_sercom.o
 .text._usart_init
                0x00001850       0x5c hpl/sercom/hpl_sercom.o
 .text._get_i2cm_index
                0x000018ac       0x18 hpl/sercom/hpl_sercom.o
 .text._sercom_i2c_send_stop
                0x000018c4       0x12 hpl/sercom/hpl_sercom.o
 *fill*         0x000018d6        0x2 
 .text._sercom_i2c_sync_analyse_flags
                0x000018d8      0x108 hpl/sercom/hpl_sercom.o
 .text._usart_sync_init
                0x000019e0        0xc hpl/sercom/hpl_sercom.o
                0x000019e0                _usart_sync_init
 .text._usart_sync_enable
                0x000019ec       0x12 hpl/sercom/hpl_sercom.o
                0x000019ec                _usart_sync_enable
 .text._usart_sync_write_byte
                0x000019fe        0x8 hpl/sercom/hpl_sercom.o
                0x000019fe                _usart_sync_write_byte
 .text._usart_sync_read_byte
                0x00001a06        0x8 hpl/sercom/hpl_sercom.o
                0x00001a06                _usart_sync_read_byte
 .text._usart_sync_is_ready_to_send
                0x00001a0e        0xa hpl/sercom/hpl_sercom.o
                0x00001a0e                _usart_sync_is_ready_to_send
 .text._usart_sync_is_transmit_done
                0x00001a18        0xa hpl/sercom/hpl_sercom.o
                0x00001a18                _usart_sync_is_transmit_done
 .text._usart_sync_is_byte_received
                0x00001a22        0xa hpl/sercom/hpl_sercom.o
                0x00001a22                _usart_sync_is_byte_received
 .text._i2c_m_sync_init
                0x00001a2c       0x74 hpl/sercom/hpl_sercom.o
                0x00001a2c                _i2c_m_sync_init
 .text._i2c_m_sync_enable
                0x00001aa0       0x48 hpl/sercom/hpl_sercom.o
                0x00001aa0                _i2c_m_sync_enable
 .text._i2c_m_sync_transfer
                0x00001ae8       0xd4 hpl/sercom/hpl_sercom.o
                0x00001ae8                _i2c_m_sync_transfer
 .text._spi_m_sync_init
                0x00001bbc       0xa4 hpl/sercom/hpl_sercom.o
                0x00001bbc                _spi_m_sync_init
 .text._spi_s_sync_enable
                0x00001c60       0x20 hpl/sercom/hpl_sercom.o
                0x00001c60                _spi_s_sync_enable
 .text._spi_m_sync_enable
                0x00001c80        0x8 hpl/sercom/hpl_sercom.o
                0x00001c80                _spi_m_sync_enable
 .text._spi_m_sync_trans
                0x00001c88       0xa0 hpl/sercom/hpl_sercom.o
                0x00001c88                _spi_m_sync_trans
 .text._sysctrl_init_sources
                0x00001d28       0x5c hpl/sysctrl/hpl_sysctrl.o
                0x00001d28                _sysctrl_init_sources
 .text._sysctrl_init_referenced_generators
                0x00001d84       0x6c hpl/sysctrl/hpl_sysctrl.o
                0x00001d84                _sysctrl_init_referenced_generators
 .text._delay_init
                0x00001df0       0x14 hpl/systick/hpl_systick.o
                0x00001df0                _delay_init
 .text._delay_cycles
                0x00001e04       0x40 hpl/systick/hpl_systick.o
                0x00001e04                _delay_cycles
 .text.PowerMeterInit
                0x00001e44       0x20 libs/bms_ina22x.o
                0x00001e44                PowerMeterInit
 .text.PowerMeterGetReg
                0x00001e64       0x28 libs/bms_ina22x.o
                0x00001e64                PowerMeterGetReg
 .text.PowerMeterMeasure
                0x00001e8c       0xe4 libs/bms_ina22x.o
                0x00001e8c                PowerMeterMeasure
 .text._gpio_set_pin_function
                0x00001f70       0x70 libs/driver.o
 .text.gpio_set_pin_direction
                0x00001fe0       0x84 libs/driver.o
 .text.EXT_I2C_IRQ_int_Handler
                0x00002064       0x10 libs/driver.o
                0x00002064                EXT_I2C_IRQ_int_Handler
 .text.I2C_RTC_Handler
                0x00002074       0x10 libs/driver.o
                0x00002074                I2C_RTC_Handler
 .text.RF_int_Handler
                0x00002084       0x10 libs/driver.o
                0x00002084                RF_int_Handler
 .text.RF_IRQ_Enable
                0x00002094       0x1c libs/driver.o
                0x00002094                RF_IRQ_Enable
 .text.EXT_I2C_IRQ_Enable
                0x000020b0       0x10 libs/driver.o
                0x000020b0                EXT_I2C_IRQ_Enable
 .text.RTC_I2C_IRQ_Enable
                0x000020c0       0x10 libs/driver.o
                0x000020c0                RTC_I2C_IRQ_Enable
 .text.RTC_IRQ_Ready
                0x000020d0       0x10 libs/driver.o
                0x000020d0                RTC_IRQ_Ready
 .text.EXT_I2C_IRQ_isReady
                0x000020e0       0x10 libs/driver.o
                0x000020e0                EXT_I2C_IRQ_isReady
 .text.rf_isReady
                0x000020f0       0x2c libs/driver.o
                0x000020f0                rf_isReady
 .text.rfMsgType
                0x0000211c        0xc libs/driver.o
                0x0000211c                rfMsgType
 .text.RFM_69_sel
                0x00002128       0x14 libs/driver.o
                0x00002128                RFM_69_sel
 .text.SPI_RAM_ReadBuff
                0x0000213c       0x14 libs/driver.o
                0x0000213c                SPI_RAM_ReadBuff
 .text.RFM69_ReadBuff
                0x00002150        0x8 libs/driver.o
                0x00002150                RFM69_ReadBuff
 .text.SPI_RAM_WriteBuff
                0x00002158       0x14 libs/driver.o
                0x00002158                SPI_RAM_WriteBuff
 .text.RFM69_WriteBuff
                0x0000216c        0x8 libs/driver.o
                0x0000216c                RFM69_WriteBuff
 .text.SPI_write
                0x00002174       0x18 libs/driver.o
                0x00002174                SPI_write
 .text.SPI_read
                0x0000218c       0x20 libs/driver.o
                0x0000218c                SPI_read
 .text.EXT_SPI_init
                0x000021ac      0x108 libs/driver.o
                0x000021ac                EXT_SPI_init
 .text.vfd_write_data
                0x000022b4       0x14 libs/driver.o
                0x000022b4                vfd_write_data
 .text.vfd_cs_set
                0x000022c8       0x1c libs/driver.o
                0x000022c8                vfd_cs_set
 .text.cmd_pin_handle
                0x000022e4       0x18 libs/driver.o
                0x000022e4                cmd_pin_handle
 .text.u8x8_avr_gpio_and_delay
                0x000022fc        0x4 libs/driver.o
                0x000022fc                u8x8_avr_gpio_and_delay
 .text.vfd_spi  0x00002300       0x44 libs/driver.o
                0x00002300                vfd_spi
 .text.RF_HW_Reset
                0x00002344       0x1a libs/driver.o
                0x00002344                RF_HW_Reset
 *fill*         0x0000235e        0x2 
 .text.RF_SPI_init
                0x00002360      0x15c libs/driver.o
                0x00002360                RF_SPI_init
 .text.EXT_I2C_init
                0x000024bc       0xac libs/driver.o
                0x000024bc                EXT_I2C_init
 .text.RTC_I2C_init
                0x00002568       0xa0 libs/driver.o
                0x00002568                RTC_I2C_init
 .text.RTC_write_batch
                0x00002608       0x2c libs/driver.o
                0x00002608                RTC_write_batch
 .text.RTC_read_batch
                0x00002634       0x28 libs/driver.o
                0x00002634                RTC_read_batch
 .text.I2C_write_batch
                0x0000265c       0x2c libs/driver.o
                0x0000265c                I2C_write_batch
 .text.I2C_read_batch
                0x00002688       0x28 libs/driver.o
                0x00002688                I2C_read_batch
 .text.I2C_read_batch_addr
                0x000026b0       0x28 libs/driver.o
                0x000026b0                I2C_read_batch_addr
 .text.DEBUG_SERIAL_init
                0x000026d8       0x60 libs/driver.o
                0x000026d8                DEBUG_SERIAL_init
 .text.DebugSerialWrite
                0x00002738       0x14 libs/driver.o
                0x00002738                DebugSerialWrite
 .text.RF_select
                0x0000274c        0xa libs/RFM69.o
                0x0000274c                RF_select
 .text.RF_unselect
                0x00002756        0xa libs/RFM69.o
                0x00002756                RF_unselect
 .text.readReg  0x00002760       0x1e libs/RFM69.o
                0x00002760                readReg
 .text.writeReg
                0x0000277e       0x1e libs/RFM69.o
                0x0000277e                writeReg
 .text.rfm69_init
                0x0000279c       0xec libs/RFM69.o
                0x0000279c                rfm69_init
 .text.setHighPowerRegs.part.0
                0x00002888       0x14 libs/RFM69.o
 .text.setHighPowerRegs
                0x0000289c       0x1e libs/RFM69.o
                0x0000289c                setHighPowerRegs
 *fill*         0x000028ba        0x2 
 .text.setMode  0x000028bc       0xac libs/RFM69.o
                0x000028bc                setMode
 .text.setHighPower
                0x00002968       0x44 libs/RFM69.o
                0x00002968                setHighPower
 .text.readRSSI
                0x000029ac       0x44 libs/RFM69.o
                0x000029ac                readRSSI
 .text.sendFrame
                0x000029f0       0x98 libs/RFM69.o
                0x000029f0                sendFrame
 .text.simpleCRC
                0x00002a88       0x1a libs/RFM69.o
                0x00002a88                simpleCRC
 *fill*         0x00002aa2        0x2 
 .text.data_ready
                0x00002aa4       0xbc libs/RFM69.o
                0x00002aa4                data_ready
 .text.rtc_int_enable
                0x00002b60       0x44 libs/rtc.o
                0x00002b60                rtc_int_enable
 .text.BCDtoDEC
                0x00002ba4       0x10 libs/rtc.o
                0x00002ba4                BCDtoDEC
 .text.rtc_sync
                0x00002bb4       0x52 libs/rtc.o
                0x00002bb4                rtc_sync
 .text.DECtoBCD
                0x00002c06       0x1a libs/rtc.o
                0x00002c06                DECtoBCD
 .text.rtc_set  0x00002c20       0x58 libs/rtc.o
                0x00002c20                rtc_set
 .text.startup.main
                0x00002c78      0x4a8 main.o
                0x00002c78                main
 .text          0x00003120       0x14 c:/program files (x86)/atmel/studio/7.0/toolchain/arm/arm-gnu-toolchain/bin/../lib/gcc/arm-none-eabi/6.3.1/thumb/v6-m\libgcc.a(_thumb1_case_uqi.o)
                0x00003120                __gnu_thumb1_case_uqi
 .text          0x00003134      0x114 c:/program files (x86)/atmel/studio/7.0/toolchain/arm/arm-gnu-toolchain/bin/../lib/gcc/arm-none-eabi/6.3.1/thumb/v6-m\libgcc.a(_udivsi3.o)
                0x00003134                __udivsi3
                0x00003134                __aeabi_uidiv
                0x00003240                __aeabi_uidivmod
 .text          0x00003248      0x1d4 c:/program files (x86)/atmel/studio/7.0/toolchain/arm/arm-gnu-toolchain/bin/../lib/gcc/arm-none-eabi/6.3.1/thumb/v6-m\libgcc.a(_divsi3.o)
                0x00003248                __divsi3
                0x00003248                __aeabi_idiv
                0x00003414                __aeabi_idivmod
 .text          0x0000341c        0x4 c:/program files (x86)/atmel/studio/7.0/toolchain/arm/arm-gnu-toolchain/bin/../lib/gcc/arm-none-eabi/6.3.1/thumb/v6-m\libgcc.a(_dvmd_tls.o)
                0x0000341c                __aeabi_idiv0
                0x0000341c                __aeabi_ldiv0
 .text          0x00003420       0x74 c:/program files (x86)/atmel/studio/7.0/toolchain/arm/arm-gnu-toolchain/bin/../lib/gcc/arm-none-eabi/6.3.1/thumb/v6-m\libgcc.a(_arm_cmpsf2.o)
                0x00003420                __aeabi_cfrcmple
                0x00003428                __aeabi_cfcmple
                0x00003428                __aeabi_cfcmpeq
                0x00003438                __aeabi_fcmpeq
                0x00003444                __aeabi_fcmplt
                0x00003458                __aeabi_fcmple
                0x0000346c                __aeabi_fcmpgt
                0x00003480                __aeabi_fcmpge
 .text          0x00003494       0x40 c:/program files (x86)/atmel/studio/7.0/toolchain/arm/arm-gnu-toolchain/bin/../lib/gcc/arm-none-eabi/6.3.1/thumb/v6-m\libgcc.a(_aeabi_uldivmod.o)
                0x00003494                __aeabi_uldivmod
 .text          0x000034d4       0x14 c:/program files (x86)/atmel/studio/7.0/toolchain/arm/arm-gnu-toolchain/bin/../lib/gcc/arm-none-eabi/6.3.1/thumb/v6-m\libgcc.a(_ffssi2.o)
                0x000034d4                __ffssi2
 .text          0x000034e8       0x30 c:/program files (x86)/atmel/studio/7.0/toolchain/arm/arm-gnu-toolchain/bin/../lib/gcc/arm-none-eabi/6.3.1/thumb/v6-m\libgcc.a(_fixunssfsi.o)
                0x000034e8                __aeabi_f2uiz
                0x000034e8                __fixunssfsi
 .text          0x00003518      0x180 c:/program files (x86)/atmel/studio/7.0/toolchain/arm/arm-gnu-toolchain/bin/../lib/gcc/arm-none-eabi/6.3.1/thumb/v6-m\libgcc.a(_udivmoddi4.o)
                0x00003518                __udivmoddi4
 .text          0x00003698      0x324 c:/program files (x86)/atmel/studio/7.0/toolchain/arm/arm-gnu-toolchain/bin/../lib/gcc/arm-none-eabi/6.3.1/thumb/v6-m\libgcc.a(addsf3.o)
                0x00003698                __aeabi_fadd
 .text          0x000039bc       0x4c c:/program files (x86)/atmel/studio/7.0/toolchain/arm/arm-gnu-toolchain/bin/../lib/gcc/arm-none-eabi/6.3.1/thumb/v6-m\libgcc.a(eqsf2.o)
                0x000039bc                __nesf2
                0x000039bc                __eqsf2
 .text          0x00003a08       0x80 c:/program files (x86)/atmel/studio/7.0/toolchain/arm/arm-gnu-toolchain/bin/../lib/gcc/arm-none-eabi/6.3.1/thumb/v6-m\libgcc.a(gesf2.o)
                0x00003a08                __gesf2
                0x00003a08                __gtsf2
 .text          0x00003a88       0x84 c:/program files (x86)/atmel/studio/7.0/toolchain/arm/arm-gnu-toolchain/bin/../lib/gcc/arm-none-eabi/6.3.1/thumb/v6-m\libgcc.a(lesf2.o)
                0x00003a88                __lesf2
                0x00003a88                __ltsf2
 .text          0x00003b0c      0x240 c:/program files (x86)/atmel/studio/7.0/toolchain/arm/arm-gnu-toolchain/bin/../lib/gcc/arm-none-eabi/6.3.1/thumb/v6-m\libgcc.a(mulsf3.o)
                0x00003b0c                __aeabi_fmul
 .text          0x00003d4c      0x338 c:/program files (x86)/atmel/studio/7.0/toolchain/arm/arm-gnu-toolchain/bin/../lib/gcc/arm-none-eabi/6.3.1/thumb/v6-m\libgcc.a(subsf3.o)
                0x00003d4c                __aeabi_fsub
 .text          0x00004084       0x40 c:/program files (x86)/atmel/studio/7.0/toolchain/arm/arm-gnu-toolchain/bin/../lib/gcc/arm-none-eabi/6.3.1/thumb/v6-m\libgcc.a(fixsfsi.o)
                0x00004084                __aeabi_f2iz
 .text          0x000040c4       0xa0 c:/program files (x86)/atmel/studio/7.0/toolchain/arm/arm-gnu-toolchain/bin/../lib/gcc/arm-none-eabi/6.3.1/thumb/v6-m\libgcc.a(floatsisf.o)
                0x000040c4                __aeabi_i2f
 .text          0x00004164       0x8c c:/program files (x86)/atmel/studio/7.0/toolchain/arm/arm-gnu-toolchain/bin/../lib/gcc/arm-none-eabi/6.3.1/thumb/v6-m\libgcc.a(floatunsisf.o)
                0x00004164                __aeabi_ui2f
 .text          0x000041f0      0x668 c:/program files (x86)/atmel/studio/7.0/toolchain/arm/arm-gnu-toolchain/bin/../lib/gcc/arm-none-eabi/6.3.1/thumb/v6-m\libgcc.a(divdf3.o)
                0x000041f0                __aeabi_ddiv
 .text          0x00004858      0x500 c:/program files (x86)/atmel/studio/7.0/toolchain/arm/arm-gnu-toolchain/bin/../lib/gcc/arm-none-eabi/6.3.1/thumb/v6-m\libgcc.a(muldf3.o)
                0x00004858                __aeabi_dmul
 .text          0x00004d58      0x62c c:/program files (x86)/atmel/studio/7.0/toolchain/arm/arm-gnu-toolchain/bin/../lib/gcc/arm-none-eabi/6.3.1/thumb/v6-m\libgcc.a(subdf3.o)
                0x00004d58                __aeabi_dsub
 .text          0x00005384       0x68 c:/program files (x86)/atmel/studio/7.0/toolchain/arm/arm-gnu-toolchain/bin/../lib/gcc/arm-none-eabi/6.3.1/thumb/v6-m\libgcc.a(fixdfsi.o)
                0x00005384                __aeabi_d2iz
 .text          0x000053ec       0x84 c:/program files (x86)/atmel/studio/7.0/toolchain/arm/arm-gnu-toolchain/bin/../lib/gcc/arm-none-eabi/6.3.1/thumb/v6-m\libgcc.a(floatsidf.o)
                0x000053ec                __aeabi_i2d
 .text          0x00005470       0x70 c:/program files (x86)/atmel/studio/7.0/toolchain/arm/arm-gnu-toolchain/bin/../lib/gcc/arm-none-eabi/6.3.1/thumb/v6-m\libgcc.a(floatunsidf.o)
                0x00005470                __aeabi_ui2d
 .text          0x000054e0       0xa4 c:/program files (x86)/atmel/studio/7.0/toolchain/arm/arm-gnu-toolchain/bin/../lib/gcc/arm-none-eabi/6.3.1/thumb/v6-m\libgcc.a(extendsfdf2.o)
                0x000054e0                __aeabi_f2d
 .text          0x00005584      0x114 c:/program files (x86)/atmel/studio/7.0/toolchain/arm/arm-gnu-toolchain/bin/../lib/gcc/arm-none-eabi/6.3.1/thumb/v6-m\libgcc.a(truncdfsf2.o)
                0x00005584                __aeabi_d2f
 .text          0x00005698       0x7c c:/program files (x86)/atmel/studio/7.0/toolchain/arm/arm-gnu-toolchain/bin/../lib/gcc/arm-none-eabi/6.3.1/thumb/v6-m\libgcc.a(_arm_cmpdf2.o)
                0x00005698                __aeabi_cdrcmple
                0x000056a8                __aeabi_cdcmpeq
                0x000056a8                __aeabi_cdcmple
                0x000056b8                __aeabi_dcmpeq
                0x000056c4                __aeabi_dcmplt
                0x000056d8                __aeabi_dcmple
                0x000056ec                __aeabi_dcmpgt
                0x00005700                __aeabi_dcmpge
 .text          0x00005714       0x3c c:/program files (x86)/atmel/studio/7.0/toolchain/arm/arm-gnu-toolchain/bin/../lib/gcc/arm-none-eabi/6.3.1/thumb/v6-m\libgcc.a(_clzsi2.o)
                0x00005714                __clzsi2
 .text          0x00005750       0x18 c:/program files (x86)/atmel/studio/7.0/toolchain/arm/arm-gnu-toolchain/bin/../lib/gcc/arm-none-eabi/6.3.1/thumb/v6-m\libgcc.a(_clzdi2.o)
                0x00005750                __clzdi2
 .text          0x00005768       0x40 c:/program files (x86)/atmel/studio/7.0/toolchain/arm/arm-gnu-toolchain/bin/../lib/gcc/arm-none-eabi/6.3.1/thumb/v6-m\libgcc.a(_ctzsi2.o)
                0x00005768                __ctzsi2
 .text          0x000057a8       0x74 c:/program files (x86)/atmel/studio/7.0/toolchain/arm/arm-gnu-toolchain/bin/../lib/gcc/arm-none-eabi/6.3.1/thumb/v6-m\libgcc.a(eqdf2.o)
                0x000057a8                __eqdf2
                0x000057a8                __nedf2
 .text          0x0000581c       0xc8 c:/program files (x86)/atmel/studio/7.0/toolchain/arm/arm-gnu-toolchain/bin/../lib/gcc/arm-none-eabi/6.3.1/thumb/v6-m\libgcc.a(gedf2.o)
                0x0000581c                __gedf2
                0x0000581c                __gtdf2
 .text          0x000058e4       0xc4 c:/program files (x86)/atmel/studio/7.0/toolchain/arm/arm-gnu-toolchain/bin/../lib/gcc/arm-none-eabi/6.3.1/thumb/v6-m\libgcc.a(ledf2.o)
                0x000058e4                __ledf2
                0x000058e4                __ltdf2
 .text.__libc_init_array
                0x000059a8       0x48 c:/program files (x86)/atmel/studio/7.0/toolchain/arm/arm-gnu-toolchain/bin/../lib/gcc/arm-none-eabi/6.3.1/../../../../arm-none-eabi/lib/thumb/v6-m\libc.a(lib_a-init.o)
                0x000059a8                __libc_init_array
 .text.memcpy   0x000059f0       0x84 c:/program files (x86)/atmel/studio/7.0/toolchain/arm/arm-gnu-toolchain/bin/../lib/gcc/arm-none-eabi/6.3.1/../../../../arm-none-eabi/lib/thumb/v6-m\libc.a(lib_a-memcpy-stub.o)
                0x000059f0                memcpy
 .text.memset   0x00005a74       0x94 c:/program files (x86)/atmel/studio/7.0/toolchain/arm/arm-gnu-toolchain/bin/../lib/gcc/arm-none-eabi/6.3.1/../../../../arm-none-eabi/lib/thumb/v6-m\libc.a(lib_a-memset.o)
                0x00005a74                memset
 .text.sprintf  0x00005b08       0x44 c:/program files (x86)/atmel/studio/7.0/toolchain/arm/arm-gnu-toolchain/bin/../lib/gcc/arm-none-eabi/6.3.1/../../../../arm-none-eabi/lib/thumb/v6-m\libc.a(lib_a-sprintf.o)
                0x00005b08                sprintf
 .text.strlen   0x00005b4c       0x64 c:/program files (x86)/atmel/studio/7.0/toolchain/arm/arm-gnu-toolchain/bin/../lib/gcc/arm-none-eabi/6.3.1/../../../../arm-none-eabi/lib/thumb/v6-m\libc.a(lib_a-strlen-stub.o)
                0x00005b4c                strlen
 .text._svfprintf_r
                0x00005bb0     0x1608 c:/program files (x86)/atmel/studio/7.0/toolchain/arm/arm-gnu-toolchain/bin/../lib/gcc/arm-none-eabi/6.3.1/../../../../arm-none-eabi/lib/thumb/v6-m\libc.a(lib_a-svfprintf.o)
                0x00005bb0                _svfprintf_r
 .text.startup.register_fini
                0x000071b8       0x18 c:/program files (x86)/atmel/studio/7.0/toolchain/arm/arm-gnu-toolchain/bin/../lib/gcc/arm-none-eabi/6.3.1/../../../../arm-none-eabi/lib/thumb/v6-m\libc.a(lib_a-__call_atexit.o)
 .text.atexit   0x000071d0       0x10 c:/program files (x86)/atmel/studio/7.0/toolchain/arm/arm-gnu-toolchain/bin/../lib/gcc/arm-none-eabi/6.3.1/../../../../arm-none-eabi/lib/thumb/v6-m\libc.a(lib_a-atexit.o)
                0x000071d0                atexit
 .text.quorem   0x000071e0      0x154 c:/program files (x86)/atmel/studio/7.0/toolchain/arm/arm-gnu-toolchain/bin/../lib/gcc/arm-none-eabi/6.3.1/../../../../arm-none-eabi/lib/thumb/v6-m\libc.a(lib_a-dtoa.o)
 .text._dtoa_r  0x00007334      0xf88 c:/program files (x86)/atmel/studio/7.0/toolchain/arm/arm-gnu-toolchain/bin/../lib/gcc/arm-none-eabi/6.3.1/../../../../arm-none-eabi/lib/thumb/v6-m\libc.a(lib_a-dtoa.o)
                0x00007334                _dtoa_r
 .text.__libc_fini_array
                0x000082bc       0x34 c:/program files (x86)/atmel/studio/7.0/toolchain/arm/arm-gnu-toolchain/bin/../lib/gcc/arm-none-eabi/6.3.1/../../../../arm-none-eabi/lib/thumb/v6-m\libc.a(lib_a-fini.o)
                0x000082bc                __libc_fini_array
 .text._malloc_trim_r
                0x000082f0       0xa0 c:/program files (x86)/atmel/studio/7.0/toolchain/arm/arm-gnu-toolchain/bin/../lib/gcc/arm-none-eabi/6.3.1/../../../../arm-none-eabi/lib/thumb/v6-m\libc.a(lib_a-freer.o)
                0x000082f0                _malloc_trim_r
 .text._free_r  0x00008390      0x1bc c:/program files (x86)/atmel/studio/7.0/toolchain/arm/arm-gnu-toolchain/bin/../lib/gcc/arm-none-eabi/6.3.1/../../../../arm-none-eabi/lib/thumb/v6-m\libc.a(lib_a-freer.o)
                0x00008390                _free_r
 .text._localeconv_r
                0x0000854c       0x1c c:/program files (x86)/atmel/studio/7.0/toolchain/arm/arm-gnu-toolchain/bin/../lib/gcc/arm-none-eabi/6.3.1/../../../../arm-none-eabi/lib/thumb/v6-m\libc.a(lib_a-localeconv.o)
                0x0000854c                _localeconv_r
 .text.__retarget_lock_acquire_recursive
                0x00008568        0x4 c:/program files (x86)/atmel/studio/7.0/toolchain/arm/arm-gnu-toolchain/bin/../lib/gcc/arm-none-eabi/6.3.1/../../../../arm-none-eabi/lib/thumb/v6-m\libc.a(lib_a-lock.o)
                0x00008568                __retarget_lock_acquire_recursive
 .text.__retarget_lock_release_recursive
                0x0000856c        0x4 c:/program files (x86)/atmel/studio/7.0/toolchain/arm/arm-gnu-toolchain/bin/../lib/gcc/arm-none-eabi/6.3.1/../../../../arm-none-eabi/lib/thumb/v6-m\libc.a(lib_a-lock.o)
                0x0000856c                __retarget_lock_release_recursive
 .text._malloc_r
                0x00008570      0x568 c:/program files (x86)/atmel/studio/7.0/toolchain/arm/arm-gnu-toolchain/bin/../lib/gcc/arm-none-eabi/6.3.1/../../../../arm-none-eabi/lib/thumb/v6-m\libc.a(lib_a-mallocr.o)
                0x00008570                _malloc_r
 .text.memchr   0x00008ad8       0x80 c:/program files (x86)/atmel/studio/7.0/toolchain/arm/arm-gnu-toolchain/bin/../lib/gcc/arm-none-eabi/6.3.1/../../../../arm-none-eabi/lib/thumb/v6-m\libc.a(lib_a-memchr-stub.o)
                0x00008ad8                memchr
 .text.__malloc_lock
                0x00008b58       0x10 c:/program files (x86)/atmel/studio/7.0/toolchain/arm/arm-gnu-toolchain/bin/../lib/gcc/arm-none-eabi/6.3.1/../../../../arm-none-eabi/lib/thumb/v6-m\libc.a(lib_a-mlock.o)
                0x00008b58                __malloc_lock
 .text.__malloc_unlock
                0x00008b68       0x10 c:/program files (x86)/atmel/studio/7.0/toolchain/arm/arm-gnu-toolchain/bin/../lib/gcc/arm-none-eabi/6.3.1/../../../../arm-none-eabi/lib/thumb/v6-m\libc.a(lib_a-mlock.o)
                0x00008b68                __malloc_unlock
 .text._Balloc  0x00008b78       0x50 c:/program files (x86)/atmel/studio/7.0/toolchain/arm/arm-gnu-toolchain/bin/../lib/gcc/arm-none-eabi/6.3.1/../../../../arm-none-eabi/lib/thumb/v6-m\libc.a(lib_a-mprec.o)
                0x00008b78                _Balloc
 .text._Bfree   0x00008bc8       0x14 c:/program files (x86)/atmel/studio/7.0/toolchain/arm/arm-gnu-toolchain/bin/../lib/gcc/arm-none-eabi/6.3.1/../../../../arm-none-eabi/lib/thumb/v6-m\libc.a(lib_a-mprec.o)
                0x00008bc8                _Bfree
 .text.__multadd
                0x00008bdc       0x8c c:/program files (x86)/atmel/studio/7.0/toolchain/arm/arm-gnu-toolchain/bin/../lib/gcc/arm-none-eabi/6.3.1/../../../../arm-none-eabi/lib/thumb/v6-m\libc.a(lib_a-mprec.o)
                0x00008bdc                __multadd
 .text.__hi0bits
                0x00008c68       0x34 c:/program files (x86)/atmel/studio/7.0/toolchain/arm/arm-gnu-toolchain/bin/../lib/gcc/arm-none-eabi/6.3.1/../../../../arm-none-eabi/lib/thumb/v6-m\libc.a(lib_a-mprec.o)
                0x00008c68                __hi0bits
 .text.__lo0bits
                0x00008c9c       0x5c c:/program files (x86)/atmel/studio/7.0/toolchain/arm/arm-gnu-toolchain/bin/../lib/gcc/arm-none-eabi/6.3.1/../../../../arm-none-eabi/lib/thumb/v6-m\libc.a(lib_a-mprec.o)
                0x00008c9c                __lo0bits
 .text.__i2b    0x00008cf8       0x14 c:/program files (x86)/atmel/studio/7.0/toolchain/arm/arm-gnu-toolchain/bin/../lib/gcc/arm-none-eabi/6.3.1/../../../../arm-none-eabi/lib/thumb/v6-m\libc.a(lib_a-mprec.o)
                0x00008cf8                __i2b
 .text.__multiply
                0x00008d0c      0x154 c:/program files (x86)/atmel/studio/7.0/toolchain/arm/arm-gnu-toolchain/bin/../lib/gcc/arm-none-eabi/6.3.1/../../../../arm-none-eabi/lib/thumb/v6-m\libc.a(lib_a-mprec.o)
                0x00008d0c                __multiply
 .text.__pow5mult
                0x00008e60       0xc0 c:/program files (x86)/atmel/studio/7.0/toolchain/arm/arm-gnu-toolchain/bin/../lib/gcc/arm-none-eabi/6.3.1/../../../../arm-none-eabi/lib/thumb/v6-m\libc.a(lib_a-mprec.o)
                0x00008e60                __pow5mult
 .text.__lshift
                0x00008f20       0xc0 c:/program files (x86)/atmel/studio/7.0/toolchain/arm/arm-gnu-toolchain/bin/../lib/gcc/arm-none-eabi/6.3.1/../../../../arm-none-eabi/lib/thumb/v6-m\libc.a(lib_a-mprec.o)
                0x00008f20                __lshift
 .text.__mcmp   0x00008fe0       0x34 c:/program files (x86)/atmel/studio/7.0/toolchain/arm/arm-gnu-toolchain/bin/../lib/gcc/arm-none-eabi/6.3.1/../../../../arm-none-eabi/lib/thumb/v6-m\libc.a(lib_a-mprec.o)
                0x00008fe0                __mcmp
 .text.__mdiff  0x00009014      0x138 c:/program files (x86)/atmel/studio/7.0/toolchain/arm/arm-gnu-toolchain/bin/../lib/gcc/arm-none-eabi/6.3.1/../../../../arm-none-eabi/lib/thumb/v6-m\libc.a(lib_a-mprec.o)
                0x00009014                __mdiff
 .text.__d2b    0x0000914c       0xbc c:/program files (x86)/atmel/studio/7.0/toolchain/arm/arm-gnu-toolchain/bin/../lib/gcc/arm-none-eabi/6.3.1/../../../../arm-none-eabi/lib/thumb/v6-m\libc.a(lib_a-mprec.o)
                0x0000914c                __d2b
 .text._sbrk_r  0x00009208       0x24 c:/program files (x86)/atmel/studio/7.0/toolchain/arm/arm-gnu-toolchain/bin/../lib/gcc/arm-none-eabi/6.3.1/../../../../arm-none-eabi/lib/thumb/v6-m\libc.a(lib_a-sbrkr.o)
                0x00009208                _sbrk_r
 .text.__ssprint_r
                0x0000922c      0x120 c:/program files (x86)/atmel/studio/7.0/toolchain/arm/arm-gnu-toolchain/bin/../lib/gcc/arm-none-eabi/6.3.1/../../../../arm-none-eabi/lib/thumb/v6-m\libc.a(lib_a-svfiprintf.o)
                0x0000922c                __ssprint_r
 .text.__register_exitproc
                0x0000934c       0xf4 c:/program files (x86)/atmel/studio/7.0/toolchain/arm/arm-gnu-toolchain/bin/../lib/gcc/arm-none-eabi/6.3.1/../../../../arm-none-eabi/lib/thumb/v6-m\libc.a(lib_a-__atexit.o)
                0x0000934c                __register_exitproc
 .text._calloc_r
                0x00009440       0x58 c:/program files (x86)/atmel/studio/7.0/toolchain/arm/arm-gnu-toolchain/bin/../lib/gcc/arm-none-eabi/6.3.1/../../../../arm-none-eabi/lib/thumb/v6-m\libc.a(lib_a-callocr.o)
                0x00009440                _calloc_r
 .text.__ascii_mbtowc
                0x00009498       0x2c c:/program files (x86)/atmel/studio/7.0/toolchain/arm/arm-gnu-toolchain/bin/../lib/gcc/arm-none-eabi/6.3.1/../../../../arm-none-eabi/lib/thumb/v6-m\libc.a(lib_a-mbtowc_r.o)
                0x00009498                __ascii_mbtowc
 .text.memmove  0x000094c4       0xa0 c:/program files (x86)/atmel/studio/7.0/toolchain/arm/arm-gnu-toolchain/bin/../lib/gcc/arm-none-eabi/6.3.1/../../../../arm-none-eabi/lib/thumb/v6-m\libc.a(lib_a-memmove.o)
                0x000094c4                memmove
 .text._realloc_r
                0x00009564      0x37c c:/program files (x86)/atmel/studio/7.0/toolchain/arm/arm-gnu-toolchain/bin/../lib/gcc/arm-none-eabi/6.3.1/../../../../arm-none-eabi/lib/thumb/v6-m\libc.a(lib_a-reallocr.o)
                0x00009564                _realloc_r
 .text.__ascii_wctomb
                0x000098e0       0x1c c:/program files (x86)/atmel/studio/7.0/toolchain/arm/arm-gnu-toolchain/bin/../lib/gcc/arm-none-eabi/6.3.1/../../../../arm-none-eabi/lib/thumb/v6-m\libc.a(lib_a-wctomb_r.o)
                0x000098e0                __ascii_wctomb
 .text          0x000098fc      0x620 c:/program files (x86)/atmel/studio/7.0/toolchain/arm/arm-gnu-toolchain/bin/../lib/gcc/arm-none-eabi/6.3.1/thumb/v6-m\libgcc.a(adddf3.o)
                0x000098fc                __aeabi_dadd
 .text          0x00009f1c       0x40 c:/program files (x86)/atmel/studio/7.0/toolchain/arm/arm-gnu-toolchain/bin/../lib/gcc/arm-none-eabi/6.3.1/thumb/v6-m\libgcc.a(unorddf2.o)
                0x00009f1c                __aeabi_dcmpun
 *(.glue_7t)
 .glue_7t       0x00009f5c        0x0 linker stubs
 *(.glue_7)
 .glue_7        0x00009f5c        0x0 linker stubs
 *(.rodata .rodata* .gnu.linkonce.r.*)
 .rodata.u8g2_font_Terminal_tr
                0x00009f5c      0x494 csrc/u8g2_fonts.o
                0x00009f5c                u8g2_font_Terminal_tr
 .rodata.u8g2_font_courR08_tr
                0x0000a3f0      0x3c6 csrc/u8g2_fonts.o
                0x0000a3f0                u8g2_font_courR08_tr
 *fill*         0x0000a7b6        0x2 
 .rodata.u8g2_cb_mirror_vertical
                0x0000a7b8        0xc csrc/u8g2_setup.o
                0x0000a7b8                u8g2_cb_mirror_vertical
 .rodata.u8x8_d_st7565_powersave0_seq
                0x0000a7c4        0x7 csrc/u8x8_d_st7565.o
 .rodata.u8x8_d_st7565_powersave1_seq
                0x0000a7cb        0x7 csrc/u8x8_d_st7565.o
 .rodata.u8x8_d_st7565_zflip0_seq
                0x0000a7d2        0x7 csrc/u8x8_d_st7565.o
 .rodata.u8x8_d_st7565_zflip1_seq
                0x0000a7d9        0x7 csrc/u8x8_d_st7565.o
 .rodata.u8x8_d_st7565_zolen_128x64_init_seq
                0x0000a7e0       0x21 csrc/u8x8_d_st7565.o
 *fill*         0x0000a801        0x3 
 .rodata.u8x8_st7565_128x64_display_info
                0x0000a804       0x18 csrc/u8x8_d_st7565.o
 .rodata._map   0x0000a81c       0x20 hpl/eic/hpl_eic.o
 .rodata._i2cms
                0x0000a83c       0x30 hpl/sercom/hpl_sercom.o
 .rodata.sercomspi_regs
                0x0000a86c       0x30 hpl/sercom/hpl_sercom.o
 .rodata        0x0000a89c        0x6 main.o
 .rodata.main.str1.1
                0x0000a8a2       0x9f main.o
 *fill*         0x0000a941        0x3 
 .rodata        0x0000a944       0x40 c:/program files (x86)/atmel/studio/7.0/toolchain/arm/arm-gnu-toolchain/bin/../lib/gcc/arm-none-eabi/6.3.1/thumb/v6-m\libgcc.a(mulsf3.o)
 .rodata        0x0000a984       0x40 c:/program files (x86)/atmel/studio/7.0/toolchain/arm/arm-gnu-toolchain/bin/../lib/gcc/arm-none-eabi/6.3.1/thumb/v6-m\libgcc.a(divdf3.o)
 .rodata        0x0000a9c4       0x40 c:/program files (x86)/atmel/studio/7.0/toolchain/arm/arm-gnu-toolchain/bin/../lib/gcc/arm-none-eabi/6.3.1/thumb/v6-m\libgcc.a(muldf3.o)
 .rodata._global_impure_ptr
                0x0000aa04        0x4 c:/program files (x86)/atmel/studio/7.0/toolchain/arm/arm-gnu-toolchain/bin/../lib/gcc/arm-none-eabi/6.3.1/../../../../arm-none-eabi/lib/thumb/v6-m\libc.a(lib_a-impure.o)
                0x0000aa04                _global_impure_ptr
 .rodata._svfprintf_r
                0x0000aa08      0x164 c:/program files (x86)/atmel/studio/7.0/toolchain/arm/arm-gnu-toolchain/bin/../lib/gcc/arm-none-eabi/6.3.1/../../../../arm-none-eabi/lib/thumb/v6-m\libc.a(lib_a-svfprintf.o)
 .rodata._svfprintf_r.str1.4
                0x0000ab6c       0x42 c:/program files (x86)/atmel/studio/7.0/toolchain/arm/arm-gnu-toolchain/bin/../lib/gcc/arm-none-eabi/6.3.1/../../../../arm-none-eabi/lib/thumb/v6-m\libc.a(lib_a-svfprintf.o)
 *fill*         0x0000abae        0x2 
 .rodata.blanks.7223
                0x0000abb0       0x10 c:/program files (x86)/atmel/studio/7.0/toolchain/arm/arm-gnu-toolchain/bin/../lib/gcc/arm-none-eabi/6.3.1/../../../../arm-none-eabi/lib/thumb/v6-m\libc.a(lib_a-svfprintf.o)
 .rodata.zeroes.7224
                0x0000abc0       0x10 c:/program files (x86)/atmel/studio/7.0/toolchain/arm/arm-gnu-toolchain/bin/../lib/gcc/arm-none-eabi/6.3.1/../../../../arm-none-eabi/lib/thumb/v6-m\libc.a(lib_a-svfprintf.o)
 .rodata._dtoa_r.str1.4
                0x0000abd0       0x10 c:/program files (x86)/atmel/studio/7.0/toolchain/arm/arm-gnu-toolchain/bin/../lib/gcc/arm-none-eabi/6.3.1/../../../../arm-none-eabi/lib/thumb/v6-m\libc.a(lib_a-dtoa.o)
                                 0x12 (size before relaxing)
 .rodata.__mprec_bigtens
                0x0000abe0       0x28 c:/program files (x86)/atmel/studio/7.0/toolchain/arm/arm-gnu-toolchain/bin/../lib/gcc/arm-none-eabi/6.3.1/../../../../arm-none-eabi/lib/thumb/v6-m\libc.a(lib_a-mprec.o)
                0x0000abe0                __mprec_bigtens
 .rodata.__mprec_tens
                0x0000ac08       0xc8 c:/program files (x86)/atmel/studio/7.0/toolchain/arm/arm-gnu-toolchain/bin/../lib/gcc/arm-none-eabi/6.3.1/../../../../arm-none-eabi/lib/thumb/v6-m\libc.a(lib_a-mprec.o)
                0x0000ac08                __mprec_tens
 .rodata.p05.6055
                0x0000acd0        0xc c:/program files (x86)/atmel/studio/7.0/toolchain/arm/arm-gnu-toolchain/bin/../lib/gcc/arm-none-eabi/6.3.1/../../../../arm-none-eabi/lib/thumb/v6-m\libc.a(lib_a-mprec.o)
 .rodata._setlocale_r.str1.4
                0x0000acdc        0xa c:/program files (x86)/atmel/studio/7.0/toolchain/arm/arm-gnu-toolchain/bin/../lib/gcc/arm-none-eabi/6.3.1/../../../../arm-none-eabi/lib/thumb/v6-m\libc.a(lib_a-locale.o)
                                  0xd (size before relaxing)
 *fill*         0x0000ace6        0x2 
 .rodata.str1.4
                0x0000ace8        0x4 c:/program files (x86)/atmel/studio/7.0/toolchain/arm/arm-gnu-toolchain/bin/../lib/gcc/arm-none-eabi/6.3.1/../../../../arm-none-eabi/lib/thumb/v6-m\libc.a(lib_a-locale.o)
                                  0x2 (size before relaxing)
 .rodata._ctype_
                0x0000acec      0x101 c:/program files (x86)/atmel/studio/7.0/toolchain/arm/arm-gnu-toolchain/bin/../lib/gcc/arm-none-eabi/6.3.1/../../../../arm-none-eabi/lib/thumb/v6-m\libc.a(lib_a-ctype_.o)
                0x0000acec                _ctype_
 *(.ARM.extab* .gnu.linkonce.armextab.*)
                0x0000adf0                . = ALIGN (0x4)
 *fill*         0x0000aded        0x3 
 *(.init)
 .init          0x0000adf0        0x4 c:/program files (x86)/atmel/studio/7.0/toolchain/arm/arm-gnu-toolchain/bin/../lib/gcc/arm-none-eabi/6.3.1/thumb/v6-m/crti.o
                0x0000adf0                _init
 .init          0x0000adf4        0x8 c:/program files (x86)/atmel/studio/7.0/toolchain/arm/arm-gnu-toolchain/bin/../lib/gcc/arm-none-eabi/6.3.1/thumb/v6-m/crtn.o
                0x0000adfc                . = ALIGN (0x4)
                0x0000adfc                __preinit_array_start = .
 *(.preinit_array)
                0x0000adfc                __preinit_array_end = .
                0x0000adfc                . = ALIGN (0x4)
                0x0000adfc                __init_array_start = .
 *(SORT(.init_array.*))
 .init_array.00000
                0x0000adfc        0x4 c:/program files (x86)/atmel/studio/7.0/toolchain/arm/arm-gnu-toolchain/bin/../lib/gcc/arm-none-eabi/6.3.1/../../../../arm-none-eabi/lib/thumb/v6-m\libc.a(lib_a-__call_atexit.o)
 *(.init_array)
 .init_array    0x0000ae00        0x4 c:/program files (x86)/atmel/studio/7.0/toolchain/arm/arm-gnu-toolchain/bin/../lib/gcc/arm-none-eabi/6.3.1/thumb/v6-m/crtbegin.o
                0x0000ae04                __init_array_end = .
                0x0000ae04                . = ALIGN (0x4)
 *crtbegin.o(.ctors)
 *(EXCLUDE_FILE(*crtend.o) .ctors)
 *(SORT(.ctors.*))
 *crtend.o(.ctors)
                0x0000ae04                . = ALIGN (0x4)
 *(.fini)
 .fini          0x0000ae04        0x4 c:/program files (x86)/atmel/studio/7.0/toolchain/arm/arm-gnu-toolchain/bin/../lib/gcc/arm-none-eabi/6.3.1/thumb/v6-m/crti.o
                0x0000ae04                _fini
 .fini          0x0000ae08        0x8 c:/program files (x86)/atmel/studio/7.0/toolchain/arm/arm-gnu-toolchain/bin/../lib/gcc/arm-none-eabi/6.3.1/thumb/v6-m/crtn.o
                0x0000ae10                . = ALIGN (0x4)
                0x0000ae10                __fini_array_start = .
 *(.fini_array)
 .fini_array    0x0000ae10        0x4 c:/program files (x86)/atmel/studio/7.0/toolchain/arm/arm-gnu-toolchain/bin/../lib/gcc/arm-none-eabi/6.3.1/thumb/v6-m/crtbegin.o
 *(SORT(.fini_array.*))
                0x0000ae14                __fini_array_end = .
 *crtbegin.o(.dtors)
 *(EXCLUDE_FILE(*crtend.o) .dtors)
 *(SORT(.dtors.*))
 *crtend.o(.dtors)
                0x0000ae14                . = ALIGN (0x4)
                0x0000ae14                _efixed = .
                [!provide]                PROVIDE (__exidx_start, .)

.vfp11_veneer   0x0000ae14        0x0
 .vfp11_veneer  0x0000ae14        0x0 linker stubs

.v4_bx          0x0000ae14        0x0
 .v4_bx         0x0000ae14        0x0 linker stubs

.iplt           0x0000ae14        0x0
 .iplt          0x0000ae14        0x0 c:/program files (x86)/atmel/studio/7.0/toolchain/arm/arm-gnu-toolchain/bin/../lib/gcc/arm-none-eabi/6.3.1/thumb/v6-m/crtbegin.o

.ARM.exidx      0x0000ae14        0x8
 *(.ARM.exidx* .gnu.linkonce.armexidx.*)
 .ARM.exidx     0x0000ae14        0x8 c:/program files (x86)/atmel/studio/7.0/toolchain/arm/arm-gnu-toolchain/bin/../lib/gcc/arm-none-eabi/6.3.1/thumb/v6-m\libgcc.a(_udivmoddi4.o)
                [!provide]                PROVIDE (__exidx_end, .)

.eh_frame       0x0000ae1c        0x0
 .eh_frame      0x0000ae1c        0x0 c:/program files (x86)/atmel/studio/7.0/toolchain/arm/arm-gnu-toolchain/bin/../lib/gcc/arm-none-eabi/6.3.1/thumb/v6-m/crtbegin.o

.rel.dyn        0x0000ae1c        0x0
 .rel.iplt      0x0000ae1c        0x0 c:/program files (x86)/atmel/studio/7.0/toolchain/arm/arm-gnu-toolchain/bin/../lib/gcc/arm-none-eabi/6.3.1/thumb/v6-m/crtbegin.o

.jcr            0x0000ae1c        0x0
 .jcr           0x0000ae1c        0x0 c:/program files (x86)/atmel/studio/7.0/toolchain/arm/arm-gnu-toolchain/bin/../lib/gcc/arm-none-eabi/6.3.1/thumb/v6-m/crtbegin.o

.igot.plt       0x0000ae1c        0x0
 .igot.plt      0x0000ae1c        0x0 c:/program files (x86)/atmel/studio/7.0/toolchain/arm/arm-gnu-toolchain/bin/../lib/gcc/arm-none-eabi/6.3.1/thumb/v6-m/crtbegin.o
                0x0000ae1c                . = ALIGN (0x4)
                0x0000ae1c                _etext = .

.relocate       0x20000000      0x9c0 load address 0x0000ae1c
                0x20000000                . = ALIGN (0x4)
                0x20000000                _srelocate = .
 *(.ramfunc .ramfunc.*)
 *(.data .data.*)
 .data.isRFM69HW
                0x20000000        0x1 libs/RFM69.o
                0x20000000                isRFM69HW
 .data.mode     0x20000001        0x1 libs/RFM69.o
                0x20000001                mode
 .data.powerLevel
                0x20000002        0x1 libs/RFM69.o
                0x20000002                powerLevel
 .data.rtc_config_1
                0x20000003        0x3 libs/rtc.o
                0x20000003                rtc_config_1
 .data.rtc_config_2
                0x20000006        0x2 libs/rtc.o
                0x20000006                rtc_config_2
 .data.rtc_config_3
                0x20000008        0x2 libs/rtc.o
                0x20000008                rtc_config_3
 .data.sys_rtc  0x2000000a        0xa main.o
                0x2000000a                sys_rtc
 .data._impure_ptr
                0x20000014        0x4 c:/program files (x86)/atmel/studio/7.0/toolchain/arm/arm-gnu-toolchain/bin/../lib/gcc/arm-none-eabi/6.3.1/../../../../arm-none-eabi/lib/thumb/v6-m\libc.a(lib_a-impure.o)
                0x20000014                _impure_ptr
 .data.impure_data
                0x20000018      0x428 c:/program files (x86)/atmel/studio/7.0/toolchain/arm/arm-gnu-toolchain/bin/../lib/gcc/arm-none-eabi/6.3.1/../../../../arm-none-eabi/lib/thumb/v6-m\libc.a(lib_a-impure.o)
 .data.__atexit_recursive_mutex
                0x20000440        0x4 c:/program files (x86)/atmel/studio/7.0/toolchain/arm/arm-gnu-toolchain/bin/../lib/gcc/arm-none-eabi/6.3.1/../../../../arm-none-eabi/lib/thumb/v6-m\libc.a(lib_a-__call_atexit.o)
                0x20000440                __atexit_recursive_mutex
 .data.__malloc_av_
                0x20000444      0x408 c:/program files (x86)/atmel/studio/7.0/toolchain/arm/arm-gnu-toolchain/bin/../lib/gcc/arm-none-eabi/6.3.1/../../../../arm-none-eabi/lib/thumb/v6-m\libc.a(lib_a-mallocr.o)
                0x20000444                __malloc_av_
 .data.__malloc_sbrk_base
                0x2000084c        0x4 c:/program files (x86)/atmel/studio/7.0/toolchain/arm/arm-gnu-toolchain/bin/../lib/gcc/arm-none-eabi/6.3.1/../../../../arm-none-eabi/lib/thumb/v6-m\libc.a(lib_a-mallocr.o)
                0x2000084c                __malloc_sbrk_base
 .data.__malloc_trim_threshold
                0x20000850        0x4 c:/program files (x86)/atmel/studio/7.0/toolchain/arm/arm-gnu-toolchain/bin/../lib/gcc/arm-none-eabi/6.3.1/../../../../arm-none-eabi/lib/thumb/v6-m\libc.a(lib_a-mallocr.o)
                0x20000850                __malloc_trim_threshold
 .data.__global_locale
                0x20000854      0x16c c:/program files (x86)/atmel/studio/7.0/toolchain/arm/arm-gnu-toolchain/bin/../lib/gcc/arm-none-eabi/6.3.1/../../../../arm-none-eabi/lib/thumb/v6-m\libc.a(lib_a-locale.o)
                0x20000854                __global_locale
                0x200009c0                . = ALIGN (0x4)
                0x200009c0                _erelocate = .

.bss            0x200009c0      0x704 load address 0x0000b7dc
                0x200009c0                . = ALIGN (0x4)
                0x200009c0                _sbss = .
                0x200009c0                _szero = .
 *(.bss .bss.*)
 .bss           0x200009c0       0x1c c:/program files (x86)/atmel/studio/7.0/toolchain/arm/arm-gnu-toolchain/bin/../lib/gcc/arm-none-eabi/6.3.1/thumb/v6-m/crtbegin.o
 .bss.buf.13121
                0x200009dc      0x400 csrc/u8g2_d_memory.o
 .bss.hardware  0x20000ddc        0x4 hal/src/hal_delay.o
 .bss.ext_irqs  0x20000de0       0x18 hal/src/hal_ext_irq.o
 .bss.heap.5296
                0x20000df8        0x4 hal/utils/src/utils_syscalls.o
 .bss.callback  0x20000dfc        0x4 hpl/eic/hpl_eic.o
 .bss.INA_ADDR  0x20000e00        0x1 libs/bms_ina22x.o
                0x20000e00                INA_ADDR
 .bss.i2cIntCount
                0x20000e01        0x1 libs/driver.o
                0x20000e01                i2cIntCount
 .bss.int_count
                0x20000e02        0x1 libs/driver.o
                0x20000e02                int_count
 .bss.rtcIntCount
                0x20000e03        0x1 libs/driver.o
                0x20000e03                rtcIntCount
 .bss.__malloc_current_mallinfo
                0x20000e04       0x28 c:/program files (x86)/atmel/studio/7.0/toolchain/arm/arm-gnu-toolchain/bin/../lib/gcc/arm-none-eabi/6.3.1/../../../../arm-none-eabi/lib/thumb/v6-m\libc.a(lib_a-mallocr.o)
                0x20000e04                __malloc_current_mallinfo
 .bss.__malloc_max_sbrked_mem
                0x20000e2c        0x4 c:/program files (x86)/atmel/studio/7.0/toolchain/arm/arm-gnu-toolchain/bin/../lib/gcc/arm-none-eabi/6.3.1/../../../../arm-none-eabi/lib/thumb/v6-m\libc.a(lib_a-mallocr.o)
                0x20000e2c                __malloc_max_sbrked_mem
 .bss.__malloc_max_total_mem
                0x20000e30        0x4 c:/program files (x86)/atmel/studio/7.0/toolchain/arm/arm-gnu-toolchain/bin/../lib/gcc/arm-none-eabi/6.3.1/../../../../arm-none-eabi/lib/thumb/v6-m\libc.a(lib_a-mallocr.o)
                0x20000e30                __malloc_max_total_mem
 .bss.__malloc_top_pad
                0x20000e34        0x4 c:/program files (x86)/atmel/studio/7.0/toolchain/arm/arm-gnu-toolchain/bin/../lib/gcc/arm-none-eabi/6.3.1/../../../../arm-none-eabi/lib/thumb/v6-m\libc.a(lib_a-mallocr.o)
                0x20000e34                __malloc_top_pad
 *(COMMON)
 COMMON         0x20000e38       0x3f libs/bms_ina22x.o
                0x20000e38                DATA
                0x20000e76                rx_ready
 *fill*         0x20000e77        0x1 
 COMMON         0x20000e78       0x98 libs/driver.o
                0x20000e78                RTC_I2C_io
                0x20000e7c                rf_spi
                0x20000e80                RF_SPI
                0x20000e98                EXT_I2C
                0x20000eb8                EXT_SPI
                0x20000ed0                ptr_rfHeader
                0x20000ed4                debugSerial
                0x20000ed8                I2C_io
                0x20000edc                RTC_I2C
                0x20000efc                io
                0x20000f00                DEBUG_SERIAL
                0x20000f0c                lcd_spi
 COMMON         0x20000f10       0x93 libs/RFM69.o
                0x20000f10                DATALEN
                0x20000f12                rfRxHeader
                0x20000f1a                address
                0x20000f1c                RSSI
                0x20000f1e                TARGETID
                0x20000f1f                PAYLOADLEN
                0x20000f20                SENDERID
                0x20000f21                rfDebugStr
                0x20000fa1                ACK_REQUESTED
                0x20000fa2                ACK_RECEIVED
 *fill*         0x20000fa3        0x1 
 COMMON         0x20000fa4       0xf6 main.o
                0x20000fa4                txLen
                0x20000fa8                lcd
                0x2000103c                mine
                0x20001040                last_pkg_time
                0x20001044                battery
                0x20001060                txCRC
                0x20001062                rfTxDataPack
                0x2000106c                ramInfo
                0x20001078                hour
                0x2000107c                mainBattery
                0x20001098                seco
 *fill*         0x2000109a        0x2 
 COMMON         0x2000109c       0x21 c:/program files (x86)/atmel/studio/7.0/toolchain/arm/arm-gnu-toolchain/bin/../lib/gcc/arm-none-eabi/6.3.1/../../../../arm-none-eabi/lib/thumb/v6-m\libc.a(lib_a-lock.o)
                0x2000109c                __lock___malloc_recursive_mutex
                0x200010a0                __lock___atexit_recursive_mutex
                0x200010a4                __lock___dd_hash_mutex
                0x200010a8                __lock___sinit_recursive_mutex
                0x200010ac                __lock___sfp_recursive_mutex
                0x200010b0                __lock___at_quick_exit_mutex
                0x200010b4                __lock___env_recursive_mutex
                0x200010b8                __lock___tz_mutex
                0x200010bc                __lock___arc4random_mutex
 *fill*         0x200010bd        0x3 
 COMMON         0x200010c0        0x4 c:/program files (x86)/atmel/studio/7.0/toolchain/arm/arm-gnu-toolchain/bin/../lib/gcc/arm-none-eabi/6.3.1/../../../../arm-none-eabi/lib/thumb/v6-m\libc.a(lib_a-reent.o)
                0x200010c0                errno
                0x200010c4                . = ALIGN (0x4)
                0x200010c4                _ebss = .
                0x200010c4                _ezero = .

.stack          0x200010c4     0x2004 load address 0x0000bee0
                0x200010c8                . = ALIGN (0x8)
 *fill*         0x200010c4        0x4 
                0x200010c8                _sstack = .
                0x200030c8                . = (. + STACK_SIZE)
 *fill*         0x200010c8     0x2000 
                0x200030c8                . = ALIGN (0x8)
                0x200030c8                _estack = .
                0x200030c8                . = ALIGN (0x4)
                0x200030c8                _end = .
OUTPUT(LifePo4 HighPower power bank.elf elf32-littlearm)

.ARM.attributes
                0x00000000       0x2a
 .ARM.attributes
                0x00000000       0x1e c:/program files (x86)/atmel/studio/7.0/toolchain/arm/arm-gnu-toolchain/bin/../lib/gcc/arm-none-eabi/6.3.1/thumb/v6-m/crti.o
 .ARM.attributes
                0x0000001e       0x2c c:/program files (x86)/atmel/studio/7.0/toolchain/arm/arm-gnu-toolchain/bin/../lib/gcc/arm-none-eabi/6.3.1/thumb/v6-m/crtbegin.o
 .ARM.attributes
                0x0000004a       0x2e atmel_start.o
 .ARM.attributes
                0x00000078       0x2e csrc/u8g2_box.o
 .ARM.attributes
                0x000000a6       0x2e csrc/u8g2_buffer.o
 .ARM.attributes
                0x000000d4       0x2e csrc/u8g2_circle.o
 .ARM.attributes
                0x00000102       0x2e csrc/u8g2_d_memory.o
 .ARM.attributes
                0x00000130       0x2e csrc/u8g2_d_setup.o
 .ARM.attributes
                0x0000015e       0x2e csrc/u8g2_font.o
 .ARM.attributes
                0x0000018c       0x2e csrc/u8g2_fonts.o
 .ARM.attributes
                0x000001ba       0x2e csrc/u8g2_hvline.o
 .ARM.attributes
                0x000001e8       0x2e csrc/u8g2_intersection.o
 .ARM.attributes
                0x00000216       0x2e csrc/u8g2_line.o
 .ARM.attributes
                0x00000244       0x2e csrc/u8g2_ll_hvline.o
 .ARM.attributes
                0x00000272       0x2e csrc/u8g2_setup.o
 .ARM.attributes
                0x000002a0       0x2e csrc/u8x8_8x8.o
 .ARM.attributes
                0x000002ce       0x2e csrc/u8x8_byte.o
 .ARM.attributes
                0x000002fc       0x2e csrc/u8x8_cad.o
 .ARM.attributes
                0x0000032a       0x2e csrc/u8x8_display.o
 .ARM.attributes
                0x00000358       0x2e csrc/u8x8_d_st7565.o
 .ARM.attributes
                0x00000386       0x2e csrc/u8x8_gpio.o
 .ARM.attributes
                0x000003b4       0x2e csrc/u8x8_setup.o
 .ARM.attributes
                0x000003e2       0x2e Device_Startup/startup_samd20.o
 .ARM.attributes
                0x00000410       0x2e driver_init.o
 .ARM.attributes
                0x0000043e       0x2e hal/src/hal_delay.o
 .ARM.attributes
                0x0000046c       0x2e hal/src/hal_ext_irq.o
 .ARM.attributes
                0x0000049a       0x2e hal/src/hal_i2c_m_sync.o
 .ARM.attributes
                0x000004c8       0x2e hal/src/hal_io.o
 .ARM.attributes
                0x000004f6       0x2e hal/src/hal_spi_m_sync.o
 .ARM.attributes
                0x00000524       0x2e hal/src/hal_usart_sync.o
 .ARM.attributes
                0x00000552       0x2e hal/utils/src/utils_syscalls.o
 .ARM.attributes
                0x00000580       0x2e hpl/core/hpl_core_m0plus_base.o
 .ARM.attributes
                0x000005ae       0x2e hpl/core/hpl_init.o
 .ARM.attributes
                0x000005dc       0x2e hpl/eic/hpl_eic.o
 .ARM.attributes
                0x0000060a       0x2e hpl/gclk/hpl_gclk.o
 .ARM.attributes
                0x00000638       0x2e hpl/pm/hpl_pm.o
 .ARM.attributes
                0x00000666       0x2e hpl/sercom/hpl_sercom.o
 .ARM.attributes
                0x00000694       0x2e hpl/sysctrl/hpl_sysctrl.o
 .ARM.attributes
                0x000006c2       0x2e hpl/systick/hpl_systick.o
 .ARM.attributes
                0x000006f0       0x2e libs/bms_ina22x.o
 .ARM.attributes
                0x0000071e       0x2e libs/driver.o
 .ARM.attributes
                0x0000074c       0x2e libs/RFM69.o
 .ARM.attributes
                0x0000077a       0x2e libs/rtc.o
 .ARM.attributes
                0x000007a8       0x2e main.o
 .ARM.attributes
                0x000007d6       0x1e c:/program files (x86)/atmel/studio/7.0/toolchain/arm/arm-gnu-toolchain/bin/../lib/gcc/arm-none-eabi/6.3.1/thumb/v6-m\libgcc.a(_thumb1_case_uqi.o)
 .ARM.attributes
                0x000007f4       0x1e c:/program files (x86)/atmel/studio/7.0/toolchain/arm/arm-gnu-toolchain/bin/../lib/gcc/arm-none-eabi/6.3.1/thumb/v6-m\libgcc.a(_udivsi3.o)
 .ARM.attributes
                0x00000812       0x1e c:/program files (x86)/atmel/studio/7.0/toolchain/arm/arm-gnu-toolchain/bin/../lib/gcc/arm-none-eabi/6.3.1/thumb/v6-m\libgcc.a(_divsi3.o)
 .ARM.attributes
                0x00000830       0x1e c:/program files (x86)/atmel/studio/7.0/toolchain/arm/arm-gnu-toolchain/bin/../lib/gcc/arm-none-eabi/6.3.1/thumb/v6-m\libgcc.a(_dvmd_tls.o)
 .ARM.attributes
                0x0000084e       0x1e c:/program files (x86)/atmel/studio/7.0/toolchain/arm/arm-gnu-toolchain/bin/../lib/gcc/arm-none-eabi/6.3.1/thumb/v6-m\libgcc.a(_arm_cmpsf2.o)
 .ARM.attributes
                0x0000086c       0x1e c:/program files (x86)/atmel/studio/7.0/toolchain/arm/arm-gnu-toolchain/bin/../lib/gcc/arm-none-eabi/6.3.1/thumb/v6-m\libgcc.a(_aeabi_uldivmod.o)
 .ARM.attributes
                0x0000088a       0x2c c:/program files (x86)/atmel/studio/7.0/toolchain/arm/arm-gnu-toolchain/bin/../lib/gcc/arm-none-eabi/6.3.1/thumb/v6-m\libgcc.a(_ffssi2.o)
 .ARM.attributes
                0x000008b6       0x2c c:/program files (x86)/atmel/studio/7.0/toolchain/arm/arm-gnu-toolchain/bin/../lib/gcc/arm-none-eabi/6.3.1/thumb/v6-m\libgcc.a(_fixunssfsi.o)
 .ARM.attributes
                0x000008e2       0x2c c:/program files (x86)/atmel/studio/7.0/toolchain/arm/arm-gnu-toolchain/bin/../lib/gcc/arm-none-eabi/6.3.1/thumb/v6-m\libgcc.a(_udivmoddi4.o)
 .ARM.attributes
                0x0000090e       0x2c c:/program files (x86)/atmel/studio/7.0/toolchain/arm/arm-gnu-toolchain/bin/../lib/gcc/arm-none-eabi/6.3.1/thumb/v6-m\libgcc.a(addsf3.o)
 .ARM.attributes
                0x0000093a       0x2c c:/program files (x86)/atmel/studio/7.0/toolchain/arm/arm-gnu-toolchain/bin/../lib/gcc/arm-none-eabi/6.3.1/thumb/v6-m\libgcc.a(eqsf2.o)
 .ARM.attributes
                0x00000966       0x2c c:/program files (x86)/atmel/studio/7.0/toolchain/arm/arm-gnu-toolchain/bin/../lib/gcc/arm-none-eabi/6.3.1/thumb/v6-m\libgcc.a(gesf2.o)
 .ARM.attributes
                0x00000992       0x2c c:/program files (x86)/atmel/studio/7.0/toolchain/arm/arm-gnu-toolchain/bin/../lib/gcc/arm-none-eabi/6.3.1/thumb/v6-m\libgcc.a(lesf2.o)
 .ARM.attributes
                0x000009be       0x2c c:/program files (x86)/atmel/studio/7.0/toolchain/arm/arm-gnu-toolchain/bin/../lib/gcc/arm-none-eabi/6.3.1/thumb/v6-m\libgcc.a(mulsf3.o)
 .ARM.attributes
                0x000009ea       0x2c c:/program files (x86)/atmel/studio/7.0/toolchain/arm/arm-gnu-toolchain/bin/../lib/gcc/arm-none-eabi/6.3.1/thumb/v6-m\libgcc.a(subsf3.o)
 .ARM.attributes
                0x00000a16       0x2c c:/program files (x86)/atmel/studio/7.0/toolchain/arm/arm-gnu-toolchain/bin/../lib/gcc/arm-none-eabi/6.3.1/thumb/v6-m\libgcc.a(fixsfsi.o)
 .ARM.attributes
                0x00000a42       0x2c c:/program files (x86)/atmel/studio/7.0/toolchain/arm/arm-gnu-toolchain/bin/../lib/gcc/arm-none-eabi/6.3.1/thumb/v6-m\libgcc.a(floatsisf.o)
 .ARM.attributes
                0x00000a6e       0x2c c:/program files (x86)/atmel/studio/7.0/toolchain/arm/arm-gnu-toolchain/bin/../lib/gcc/arm-none-eabi/6.3.1/thumb/v6-m\libgcc.a(floatunsisf.o)
 .ARM.attributes
                0x00000a9a       0x2c c:/program files (x86)/atmel/studio/7.0/toolchain/arm/arm-gnu-toolchain/bin/../lib/gcc/arm-none-eabi/6.3.1/thumb/v6-m\libgcc.a(divdf3.o)
 .ARM.attributes
                0x00000ac6       0x2c c:/program files (x86)/atmel/studio/7.0/toolchain/arm/arm-gnu-toolchain/bin/../lib/gcc/arm-none-eabi/6.3.1/thumb/v6-m\libgcc.a(muldf3.o)
 .ARM.attributes
                0x00000af2       0x2c c:/program files (x86)/atmel/studio/7.0/toolchain/arm/arm-gnu-toolchain/bin/../lib/gcc/arm-none-eabi/6.3.1/thumb/v6-m\libgcc.a(subdf3.o)
 .ARM.attributes
                0x00000b1e       0x2c c:/program files (x86)/atmel/studio/7.0/toolchain/arm/arm-gnu-toolchain/bin/../lib/gcc/arm-none-eabi/6.3.1/thumb/v6-m\libgcc.a(fixdfsi.o)
 .ARM.attributes
                0x00000b4a       0x2c c:/program files (x86)/atmel/studio/7.0/toolchain/arm/arm-gnu-toolchain/bin/../lib/gcc/arm-none-eabi/6.3.1/thumb/v6-m\libgcc.a(floatsidf.o)
 .ARM.attributes
                0x00000b76       0x2c c:/program files (x86)/atmel/studio/7.0/toolchain/arm/arm-gnu-toolchain/bin/../lib/gcc/arm-none-eabi/6.3.1/thumb/v6-m\libgcc.a(floatunsidf.o)
 .ARM.attributes
                0x00000ba2       0x2c c:/program files (x86)/atmel/studio/7.0/toolchain/arm/arm-gnu-toolchain/bin/../lib/gcc/arm-none-eabi/6.3.1/thumb/v6-m\libgcc.a(extendsfdf2.o)
 .ARM.attributes
                0x00000bce       0x2c c:/program files (x86)/atmel/studio/7.0/toolchain/arm/arm-gnu-toolchain/bin/../lib/gcc/arm-none-eabi/6.3.1/thumb/v6-m\libgcc.a(truncdfsf2.o)
 .ARM.attributes
                0x00000bfa       0x1e c:/program files (x86)/atmel/studio/7.0/toolchain/arm/arm-gnu-toolchain/bin/../lib/gcc/arm-none-eabi/6.3.1/thumb/v6-m\libgcc.a(_arm_cmpdf2.o)
 .ARM.attributes
                0x00000c18       0x1e c:/program files (x86)/atmel/studio/7.0/toolchain/arm/arm-gnu-toolchain/bin/../lib/gcc/arm-none-eabi/6.3.1/thumb/v6-m\libgcc.a(_clzsi2.o)
 .ARM.attributes
                0x00000c36       0x1e c:/program files (x86)/atmel/studio/7.0/toolchain/arm/arm-gnu-toolchain/bin/../lib/gcc/arm-none-eabi/6.3.1/thumb/v6-m\libgcc.a(_clzdi2.o)
 .ARM.attributes
                0x00000c54       0x1e c:/program files (x86)/atmel/studio/7.0/toolchain/arm/arm-gnu-toolchain/bin/../lib/gcc/arm-none-eabi/6.3.1/thumb/v6-m\libgcc.a(_ctzsi2.o)
 .ARM.attributes
                0x00000c72       0x2c c:/program files (x86)/atmel/studio/7.0/toolchain/arm/arm-gnu-toolchain/bin/../lib/gcc/arm-none-eabi/6.3.1/thumb/v6-m\libgcc.a(eqdf2.o)
 .ARM.attributes
                0x00000c9e       0x2c c:/program files (x86)/atmel/studio/7.0/toolchain/arm/arm-gnu-toolchain/bin/../lib/gcc/arm-none-eabi/6.3.1/thumb/v6-m\libgcc.a(gedf2.o)
 .ARM.attributes
                0x00000cca       0x2c c:/program files (x86)/atmel/studio/7.0/toolchain/arm/arm-gnu-toolchain/bin/../lib/gcc/arm-none-eabi/6.3.1/thumb/v6-m\libgcc.a(ledf2.o)
 .ARM.attributes
                0x00000cf6       0x2c c:/program files (x86)/atmel/studio/7.0/toolchain/arm/arm-gnu-toolchain/bin/../lib/gcc/arm-none-eabi/6.3.1/../../../../arm-none-eabi/lib/thumb/v6-m\libc.a(lib_a-impure.o)
 .ARM.attributes
                0x00000d22       0x2c c:/program files (x86)/atmel/studio/7.0/toolchain/arm/arm-gnu-toolchain/bin/../lib/gcc/arm-none-eabi/6.3.1/../../../../arm-none-eabi/lib/thumb/v6-m\libc.a(lib_a-init.o)
 .ARM.attributes
                0x00000d4e       0x2c c:/program files (x86)/atmel/studio/7.0/toolchain/arm/arm-gnu-toolchain/bin/../lib/gcc/arm-none-eabi/6.3.1/../../../../arm-none-eabi/lib/thumb/v6-m\libc.a(lib_a-memcpy-stub.o)
 .ARM.attributes
                0x00000d7a       0x2c c:/program files (x86)/atmel/studio/7.0/toolchain/arm/arm-gnu-toolchain/bin/../lib/gcc/arm-none-eabi/6.3.1/../../../../arm-none-eabi/lib/thumb/v6-m\libc.a(lib_a-memset.o)
 .ARM.attributes
                0x00000da6       0x2c c:/program files (x86)/atmel/studio/7.0/toolchain/arm/arm-gnu-toolchain/bin/../lib/gcc/arm-none-eabi/6.3.1/../../../../arm-none-eabi/lib/thumb/v6-m\libc.a(lib_a-sprintf.o)
 .ARM.attributes
                0x00000dd2       0x2c c:/program files (x86)/atmel/studio/7.0/toolchain/arm/arm-gnu-toolchain/bin/../lib/gcc/arm-none-eabi/6.3.1/../../../../arm-none-eabi/lib/thumb/v6-m\libc.a(lib_a-strlen-stub.o)
 .ARM.attributes
                0x00000dfe       0x2c c:/program files (x86)/atmel/studio/7.0/toolchain/arm/arm-gnu-toolchain/bin/../lib/gcc/arm-none-eabi/6.3.1/../../../../arm-none-eabi/lib/thumb/v6-m\libc.a(lib_a-svfprintf.o)
 .ARM.attributes
                0x00000e2a       0x2c c:/program files (x86)/atmel/studio/7.0/toolchain/arm/arm-gnu-toolchain/bin/../lib/gcc/arm-none-eabi/6.3.1/../../../../arm-none-eabi/lib/thumb/v6-m\libc.a(lib_a-__call_atexit.o)
 .ARM.attributes
                0x00000e56       0x2c c:/program files (x86)/atmel/studio/7.0/toolchain/arm/arm-gnu-toolchain/bin/../lib/gcc/arm-none-eabi/6.3.1/../../../../arm-none-eabi/lib/thumb/v6-m\libc.a(lib_a-atexit.o)
 .ARM.attributes
                0x00000e82       0x2c c:/program files (x86)/atmel/studio/7.0/toolchain/arm/arm-gnu-toolchain/bin/../lib/gcc/arm-none-eabi/6.3.1/../../../../arm-none-eabi/lib/thumb/v6-m\libc.a(lib_a-dtoa.o)
 .ARM.attributes
                0x00000eae       0x2c c:/program files (x86)/atmel/studio/7.0/toolchain/arm/arm-gnu-toolchain/bin/../lib/gcc/arm-none-eabi/6.3.1/../../../../arm-none-eabi/lib/thumb/v6-m\libc.a(lib_a-fini.o)
 .ARM.attributes
                0x00000eda       0x2c c:/program files (x86)/atmel/studio/7.0/toolchain/arm/arm-gnu-toolchain/bin/../lib/gcc/arm-none-eabi/6.3.1/../../../../arm-none-eabi/lib/thumb/v6-m\libc.a(lib_a-freer.o)
 .ARM.attributes
                0x00000f06       0x2c c:/program files (x86)/atmel/studio/7.0/toolchain/arm/arm-gnu-toolchain/bin/../lib/gcc/arm-none-eabi/6.3.1/../../../../arm-none-eabi/lib/thumb/v6-m\libc.a(lib_a-localeconv.o)
 .ARM.attributes
                0x00000f32       0x2c c:/program files (x86)/atmel/studio/7.0/toolchain/arm/arm-gnu-toolchain/bin/../lib/gcc/arm-none-eabi/6.3.1/../../../../arm-none-eabi/lib/thumb/v6-m\libc.a(lib_a-lock.o)
 .ARM.attributes
                0x00000f5e       0x2c c:/program files (x86)/atmel/studio/7.0/toolchain/arm/arm-gnu-toolchain/bin/../lib/gcc/arm-none-eabi/6.3.1/../../../../arm-none-eabi/lib/thumb/v6-m\libc.a(lib_a-mallocr.o)
 .ARM.attributes
                0x00000f8a       0x2c c:/program files (x86)/atmel/studio/7.0/toolchain/arm/arm-gnu-toolchain/bin/../lib/gcc/arm-none-eabi/6.3.1/../../../../arm-none-eabi/lib/thumb/v6-m\libc.a(lib_a-memchr-stub.o)
 .ARM.attributes
                0x00000fb6       0x2c c:/program files (x86)/atmel/studio/7.0/toolchain/arm/arm-gnu-toolchain/bin/../lib/gcc/arm-none-eabi/6.3.1/../../../../arm-none-eabi/lib/thumb/v6-m\libc.a(lib_a-mlock.o)
 .ARM.attributes
                0x00000fe2       0x2c c:/program files (x86)/atmel/studio/7.0/toolchain/arm/arm-gnu-toolchain/bin/../lib/gcc/arm-none-eabi/6.3.1/../../../../arm-none-eabi/lib/thumb/v6-m\libc.a(lib_a-mprec.o)
 .ARM.attributes
                0x0000100e       0x2c c:/program files (x86)/atmel/studio/7.0/toolchain/arm/arm-gnu-toolchain/bin/../lib/gcc/arm-none-eabi/6.3.1/../../../../arm-none-eabi/lib/thumb/v6-m\libc.a(lib_a-sbrkr.o)
 .ARM.attributes
                0x0000103a       0x2c c:/program files (x86)/atmel/studio/7.0/toolchain/arm/arm-gnu-toolchain/bin/../lib/gcc/arm-none-eabi/6.3.1/../../../../arm-none-eabi/lib/thumb/v6-m\libc.a(lib_a-svfiprintf.o)
 .ARM.attributes
                0x00001066       0x2c c:/program files (x86)/atmel/studio/7.0/toolchain/arm/arm-gnu-toolchain/bin/../lib/gcc/arm-none-eabi/6.3.1/../../../../arm-none-eabi/lib/thumb/v6-m\libc.a(lib_a-__atexit.o)
 .ARM.attributes
                0x00001092       0x2c c:/program files (x86)/atmel/studio/7.0/toolchain/arm/arm-gnu-toolchain/bin/../lib/gcc/arm-none-eabi/6.3.1/../../../../arm-none-eabi/lib/thumb/v6-m\libc.a(lib_a-callocr.o)
 .ARM.attributes
                0x000010be       0x2c c:/program files (x86)/atmel/studio/7.0/toolchain/arm/arm-gnu-toolchain/bin/../lib/gcc/arm-none-eabi/6.3.1/../../../../arm-none-eabi/lib/thumb/v6-m\libc.a(lib_a-locale.o)
 .ARM.attributes
                0x000010ea       0x2c c:/program files (x86)/atmel/studio/7.0/toolchain/arm/arm-gnu-toolchain/bin/../lib/gcc/arm-none-eabi/6.3.1/../../../../arm-none-eabi/lib/thumb/v6-m\libc.a(lib_a-mbtowc_r.o)
 .ARM.attributes
                0x00001116       0x2c c:/program files (x86)/atmel/studio/7.0/toolchain/arm/arm-gnu-toolchain/bin/../lib/gcc/arm-none-eabi/6.3.1/../../../../arm-none-eabi/lib/thumb/v6-m\libc.a(lib_a-memmove.o)
 .ARM.attributes
                0x00001142       0x2c c:/program files (x86)/atmel/studio/7.0/toolchain/arm/arm-gnu-toolchain/bin/../lib/gcc/arm-none-eabi/6.3.1/../../../../arm-none-eabi/lib/thumb/v6-m\libc.a(lib_a-reallocr.o)
 .ARM.attributes
                0x0000116e       0x2c c:/program files (x86)/atmel/studio/7.0/toolchain/arm/arm-gnu-toolchain/bin/../lib/gcc/arm-none-eabi/6.3.1/../../../../arm-none-eabi/lib/thumb/v6-m\libc.a(lib_a-reent.o)
 .ARM.attributes
                0x0000119a       0x2c c:/program files (x86)/atmel/studio/7.0/toolchain/arm/arm-gnu-toolchain/bin/../lib/gcc/arm-none-eabi/6.3.1/../../../../arm-none-eabi/lib/thumb/v6-m\libc.a(lib_a-wctomb_r.o)
 .ARM.attributes
                0x000011c6       0x2c c:/program files (x86)/atmel/studio/7.0/toolchain/arm/arm-gnu-toolchain/bin/../lib/gcc/arm-none-eabi/6.3.1/../../../../arm-none-eabi/lib/thumb/v6-m\libc.a(lib_a-ctype_.o)
 .ARM.attributes
                0x000011f2       0x2c c:/program files (x86)/atmel/studio/7.0/toolchain/arm/arm-gnu-toolchain/bin/../lib/gcc/arm-none-eabi/6.3.1/thumb/v6-m\libgcc.a(adddf3.o)
 .ARM.attributes
                0x0000121e       0x2c c:/program files (x86)/atmel/studio/7.0/toolchain/arm/arm-gnu-toolchain/bin/../lib/gcc/arm-none-eabi/6.3.1/thumb/v6-m\libgcc.a(unorddf2.o)
 .ARM.attributes
                0x0000124a       0x1e c:/program files (x86)/atmel/studio/7.0/toolchain/arm/arm-gnu-toolchain/bin/../lib/gcc/arm-none-eabi/6.3.1/thumb/v6-m/crtn.o

.comment        0x00000000       0x59
 .comment       0x00000000       0x59 atmel_start.o
                                 0x5a (size before relaxing)
 .comment       0x00000059       0x5a csrc/u8g2_box.o
 .comment       0x00000059       0x5a csrc/u8g2_buffer.o
 .comment       0x00000059       0x5a csrc/u8g2_circle.o
 .comment       0x00000059       0x5a csrc/u8g2_d_memory.o
 .comment       0x00000059       0x5a csrc/u8g2_d_setup.o
 .comment       0x00000059       0x5a csrc/u8g2_font.o
 .comment       0x00000059       0x5a csrc/u8g2_fonts.o
 .comment       0x00000059       0x5a csrc/u8g2_hvline.o
 .comment       0x00000059       0x5a csrc/u8g2_intersection.o
 .comment       0x00000059       0x5a csrc/u8g2_line.o
 .comment       0x00000059       0x5a csrc/u8g2_ll_hvline.o
 .comment       0x00000059       0x5a csrc/u8g2_setup.o
 .comment       0x00000059       0x5a csrc/u8x8_8x8.o
 .comment       0x00000059       0x5a csrc/u8x8_byte.o
 .comment       0x00000059       0x5a csrc/u8x8_cad.o
 .comment       0x00000059       0x5a csrc/u8x8_display.o
 .comment       0x00000059       0x5a csrc/u8x8_d_st7565.o
 .comment       0x00000059       0x5a csrc/u8x8_gpio.o
 .comment       0x00000059       0x5a csrc/u8x8_setup.o
 .comment       0x00000059       0x5a Device_Startup/startup_samd20.o
 .comment       0x00000059       0x5a driver_init.o
 .comment       0x00000059       0x5a hal/src/hal_delay.o
 .comment       0x00000059       0x5a hal/src/hal_ext_irq.o
 .comment       0x00000059       0x5a hal/src/hal_i2c_m_sync.o
 .comment       0x00000059       0x5a hal/src/hal_io.o
 .comment       0x00000059       0x5a hal/src/hal_spi_m_sync.o
 .comment       0x00000059       0x5a hal/src/hal_usart_sync.o
 .comment       0x00000059       0x5a hal/utils/src/utils_syscalls.o
 .comment       0x00000059       0x5a hpl/core/hpl_core_m0plus_base.o
 .comment       0x00000059       0x5a hpl/core/hpl_init.o
 .comment       0x00000059       0x5a hpl/eic/hpl_eic.o
 .comment       0x00000059       0x5a hpl/gclk/hpl_gclk.o
 .comment       0x00000059       0x5a hpl/pm/hpl_pm.o
 .comment       0x00000059       0x5a hpl/sercom/hpl_sercom.o
 .comment       0x00000059       0x5a hpl/sysctrl/hpl_sysctrl.o
 .comment       0x00000059       0x5a hpl/systick/hpl_systick.o
 .comment       0x00000059       0x5a libs/bms_ina22x.o
 .comment       0x00000059       0x5a libs/driver.o
 .comment       0x00000059       0x5a libs/RFM69.o
 .comment       0x00000059       0x5a libs/rtc.o
 .comment       0x00000059       0x5a main.o

.debug_frame    0x00000000      0xe44
 .debug_frame   0x00000000       0x20 c:/program files (x86)/atmel/studio/7.0/toolchain/arm/arm-gnu-toolchain/bin/../lib/gcc/arm-none-eabi/6.3.1/thumb/v6-m\libgcc.a(_udivsi3.o)
 .debug_frame   0x00000020       0x20 c:/program files (x86)/atmel/studio/7.0/toolchain/arm/arm-gnu-toolchain/bin/../lib/gcc/arm-none-eabi/6.3.1/thumb/v6-m\libgcc.a(_divsi3.o)
 .debug_frame   0x00000040       0x28 c:/program files (x86)/atmel/studio/7.0/toolchain/arm/arm-gnu-toolchain/bin/../lib/gcc/arm-none-eabi/6.3.1/thumb/v6-m\libgcc.a(_ffssi2.o)
 .debug_frame   0x00000068       0x28 c:/program files (x86)/atmel/studio/7.0/toolchain/arm/arm-gnu-toolchain/bin/../lib/gcc/arm-none-eabi/6.3.1/thumb/v6-m\libgcc.a(_fixunssfsi.o)
 .debug_frame   0x00000090       0x3c c:/program files (x86)/atmel/studio/7.0/toolchain/arm/arm-gnu-toolchain/bin/../lib/gcc/arm-none-eabi/6.3.1/thumb/v6-m\libgcc.a(_udivmoddi4.o)
 .debug_frame   0x000000cc       0x34 c:/program files (x86)/atmel/studio/7.0/toolchain/arm/arm-gnu-toolchain/bin/../lib/gcc/arm-none-eabi/6.3.1/thumb/v6-m\libgcc.a(addsf3.o)
 .debug_frame   0x00000100       0x2c c:/program files (x86)/atmel/studio/7.0/toolchain/arm/arm-gnu-toolchain/bin/../lib/gcc/arm-none-eabi/6.3.1/thumb/v6-m\libgcc.a(eqsf2.o)
 .debug_frame   0x0000012c       0x30 c:/program files (x86)/atmel/studio/7.0/toolchain/arm/arm-gnu-toolchain/bin/../lib/gcc/arm-none-eabi/6.3.1/thumb/v6-m\libgcc.a(gesf2.o)